Archive member included to satisfy reference by file (symbol)

c:/nxp/mcuxpressoide_11.6.0_8187/ide/plugins/com.nxp.mcuxpresso.tools.win32_11.6.0.202112161359/tools/bin/../lib/gcc/arm-none-eabi/10.3.1/../../../../arm-none-eabi/lib/thumb/v6-m/nofp\libcr_nohost_nf.a(__ciob.o)
                              ./source/line_accumulator.o (__Ciob)
c:/nxp/mcuxpressoide_11.6.0_8187/ide/plugins/com.nxp.mcuxpresso.tools.win32_11.6.0.202112161359/tools/bin/../lib/gcc/arm-none-eabi/10.3.1/../../../../arm-none-eabi/lib/thumb/v6-m/nofp\libcr_nohost_nf.a(_cr__main.o)
                              ./startup/startup_mkl25z4.o (__main)
c:/nxp/mcuxpressoide_11.6.0_8187/ide/plugins/com.nxp.mcuxpresso.tools.win32_11.6.0.202112161359/tools/bin/../lib/gcc/arm-none-eabi/10.3.1/../../../../arm-none-eabi/lib/thumb/v6-m/nofp\libcr_c.a(memcpy.o)
                              ./source/cbfifo.o (memcpy)
c:/nxp/mcuxpressoide_11.6.0_8187/ide/plugins/com.nxp.mcuxpresso.tools.win32_11.6.0.202112161359/tools/bin/../lib/gcc/arm-none-eabi/10.3.1/../../../../arm-none-eabi/lib/thumb/v6-m/nofp\libcr_c.a(memset.o)
                              ./source/line_accumulator.o (memset)
c:/nxp/mcuxpressoide_11.6.0_8187/ide/plugins/com.nxp.mcuxpresso.tools.win32_11.6.0.202112161359/tools/bin/../lib/gcc/arm-none-eabi/10.3.1/../../../../arm-none-eabi/lib/thumb/v6-m/nofp\libcr_c.a(_deferredlazyseek.o)
                              ./source/line_accumulator.o (__flsbuf)
c:/nxp/mcuxpressoide_11.6.0_8187/ide/plugins/com.nxp.mcuxpresso.tools.win32_11.6.0.202112161359/tools/bin/../lib/gcc/arm-none-eabi/10.3.1/../../../../arm-none-eabi/lib/thumb/v6-m/nofp\libcr_c.a(_fflush.o)
                              c:/nxp/mcuxpressoide_11.6.0_8187/ide/plugins/com.nxp.mcuxpresso.tools.win32_11.6.0.202112161359/tools/bin/../lib/gcc/arm-none-eabi/10.3.1/../../../../arm-none-eabi/lib/thumb/v6-m/nofp\libcr_c.a(_deferredlazyseek.o) (_fflush)
c:/nxp/mcuxpressoide_11.6.0_8187/ide/plugins/com.nxp.mcuxpresso.tools.win32_11.6.0.202112161359/tools/bin/../lib/gcc/arm-none-eabi/10.3.1/../../../../arm-none-eabi/lib/thumb/v6-m/nofp\libcr_c.a(_writebuf.o)
                              c:/nxp/mcuxpressoide_11.6.0_8187/ide/plugins/com.nxp.mcuxpresso.tools.win32_11.6.0.202112161359/tools/bin/../lib/gcc/arm-none-eabi/10.3.1/../../../../arm-none-eabi/lib/thumb/v6-m/nofp\libcr_c.a(_deferredlazyseek.o) (_Cwritebuf)
c:/nxp/mcuxpressoide_11.6.0_8187/ide/plugins/com.nxp.mcuxpresso.tools.win32_11.6.0.202112161359/tools/bin/../lib/gcc/arm-none-eabi/10.3.1/../../../../arm-none-eabi/lib/thumb/v6-m/nofp\libcr_c.a(acos.o)
                              ./source/mma.o (acos)
c:/nxp/mcuxpressoide_11.6.0_8187/ide/plugins/com.nxp.mcuxpresso.tools.win32_11.6.0.202112161359/tools/bin/../lib/gcc/arm-none-eabi/10.3.1/../../../../arm-none-eabi/lib/thumb/v6-m/nofp\libcr_c.a(alloc.o)
                              c:/nxp/mcuxpressoide_11.6.0_8187/ide/plugins/com.nxp.mcuxpresso.tools.win32_11.6.0.202112161359/tools/bin/../lib/gcc/arm-none-eabi/10.3.1/../../../../arm-none-eabi/lib/thumb/v6-m/nofp\libcr_c.a(_deferredlazyseek.o) (_Csys_alloc)
c:/nxp/mcuxpressoide_11.6.0_8187/ide/plugins/com.nxp.mcuxpresso.tools.win32_11.6.0.202112161359/tools/bin/../lib/gcc/arm-none-eabi/10.3.1/../../../../arm-none-eabi/lib/thumb/v6-m/nofp\libcr_c.a(atan2.o)
                              ./source/mma.o (atan2)
c:/nxp/mcuxpressoide_11.6.0_8187/ide/plugins/com.nxp.mcuxpresso.tools.win32_11.6.0.202112161359/tools/bin/../lib/gcc/arm-none-eabi/10.3.1/../../../../arm-none-eabi/lib/thumb/v6-m/nofp\libcr_c.a(errno.o)
                              c:/nxp/mcuxpressoide_11.6.0_8187/ide/plugins/com.nxp.mcuxpresso.tools.win32_11.6.0.202112161359/tools/bin/../lib/gcc/arm-none-eabi/10.3.1/../../../../arm-none-eabi/lib/thumb/v6-m/nofp\libcr_c.a(atan2.o) (errno)
c:/nxp/mcuxpressoide_11.6.0_8187/ide/plugins/com.nxp.mcuxpresso.tools.win32_11.6.0.202112161359/tools/bin/../lib/gcc/arm-none-eabi/10.3.1/../../../../arm-none-eabi/lib/thumb/v6-m/nofp\libcr_c.a(fabs.o)
                              c:/nxp/mcuxpressoide_11.6.0_8187/ide/plugins/com.nxp.mcuxpresso.tools.win32_11.6.0.202112161359/tools/bin/../lib/gcc/arm-none-eabi/10.3.1/../../../../arm-none-eabi/lib/thumb/v6-m/nofp\libcr_c.a(atan2.o) (fabs)
c:/nxp/mcuxpressoide_11.6.0_8187/ide/plugins/com.nxp.mcuxpresso.tools.win32_11.6.0.202112161359/tools/bin/../lib/gcc/arm-none-eabi/10.3.1/../../../../arm-none-eabi/lib/thumb/v6-m/nofp\libcr_c.a(fseek.o)
                              c:/nxp/mcuxpressoide_11.6.0_8187/ide/plugins/com.nxp.mcuxpresso.tools.win32_11.6.0.202112161359/tools/bin/../lib/gcc/arm-none-eabi/10.3.1/../../../../arm-none-eabi/lib/thumb/v6-m/nofp\libcr_c.a(_deferredlazyseek.o) (fseek)
c:/nxp/mcuxpressoide_11.6.0_8187/ide/plugins/com.nxp.mcuxpresso.tools.win32_11.6.0.202112161359/tools/bin/../lib/gcc/arm-none-eabi/10.3.1/../../../../arm-none-eabi/lib/thumb/v6-m/nofp\libcr_c.a(ftell.o)
[...]
Memory Configuration

Name             Origin             Length             Attributes
PROGRAM_FLASH    0x00000000         0x00020000         xr
SRAM             0x1ffff000         0x00004000         xrw
*default*        0x00000000         0xffffffff

Linker script and memory map

LOAD ./utilities/fsl_debug_console.o
LOAD ./startup/startup_mkl25z4.o
LOAD ./source/Touch.o
LOAD ./source/UART.o
LOAD ./source/cbfifo.o
LOAD ./source/i2c.o
LOAD ./source/line_accumulator.o
LOAD ./source/main.o
LOAD ./source/mma.o
LOAD ./source/mtb.o
LOAD ./source/pwm_LED.o
LOAD ./source/semihost_hardfault.o
LOAD ./source/statemachine.o
LOAD ./source/switch.o
LOAD ./source/sysclock.o
LOAD ./source/test.o
LOAD ./drivers/fsl_clock.o
LOAD ./drivers/fsl_common.o
LOAD ./drivers/fsl_flash.o
LOAD ./drivers/fsl_gpio.o
LOAD ./drivers/fsl_lpsci.o
LOAD ./drivers/fsl_smc.o
LOAD ./drivers/fsl_uart.o
LOAD ./board/board.o
LOAD ./board/clock_config.o
LOAD ./board/peripherals.o
LOAD ./board/pin_mux.o
LOAD ./CMSIS/system_MKL25Z4.o
START GROUP
LOAD c:/nxp/mcuxpressoide_11.6.0_8187/ide/plugins/com.nxp.mcuxpresso.tools.win32_11.6.0.202112161359/tools/bin/../lib/gcc/arm-none-eabi/10.3.1/../../../../arm-none-eabi/lib/thumb/v6-m/nofp\libcr_nohost_nf.a
LOAD c:/nxp/mcuxpressoide_11.6.0_8187/ide/plugins/com.nxp.mcuxpresso.tools.win32_11.6.0.202112161359/tools/bin/../lib/gcc/arm-none-eabi/10.3.1/../../../../arm-none-eabi/lib/thumb/v6-m/nofp\libcr_c.a
LOAD c:/nxp/mcuxpressoide_11.6.0_8187/ide/plugins/com.nxp.mcuxpresso.tools.win32_11.6.0.202112161359/tools/bin/../lib/gcc/arm-none-eabi/10.3.1/thumb/v6-m/nofp\libcr_eabihelpers.a
LOAD c:/nxp/mcuxpressoide_11.6.0_8187/ide/plugins/com.nxp.mcuxpresso.tools.win32_11.6.0.202112161359/tools/bin/../lib/gcc/arm-none-eabi/10.3.1/thumb/v6-m/nofp\libgcc.a
END GROUP
                0x00000000                __base_PROGRAM_FLASH = 0x0
                0x00000000                __base_Flash = 0x0
                0x00020000                __top_PROGRAM_FLASH = 0x20000
                0x00020000                __top_Flash = 0x20000
                0x1ffff000                __base_SRAM = 0x1ffff000
                0x1ffff000                __base_RAM = 0x1ffff000
                0x20003000                __top_SRAM = 0x20003000
                0x20003000                __top_RAM = 0x20003000

.text           0x00000000     0x801c
 FILL mask 0xff
                0x00000000                __vectors_start__ = ABSOLUTE (.)
 *(SORT_BY_ALIGNMENT(.isr_vector))
 .isr_vector    0x00000000       0xc0 ./startup/startup_mkl25z4.o
                0x00000000                g_pfnVectors
                0x00000000                __Vectors
                0x000000c0                . = ALIGN (0x4)
                0x000000c0                __section_table_start = .
                0x000000c0                __data_section_table = .
                0x000000c0        0x4 LONG 0x801c LOADADDR (.data)
                0x000000c4        0x4 LONG 0x1ffff080 ADDR (.data)
                0x000000c8        0x4 LONG 0x0 SIZEOF (.data)
                0x000000cc                __data_section_table_end = .
                0x000000cc                __bss_section_table = .
                0x000000cc        0x4 LONG 0x1ffff080 ADDR (.bss)
                0x000000d0        0x4 LONG 0x548 SIZEOF (.bss)
                0x000000d4                __bss_section_table_end = .
                0x000000d4                __section_table_end = .
 *(SORT_BY_ALIGNMENT(.after_vectors*))
 .after_vectors.reset
                0x000000d4       0x4c ./startup/startup_mkl25z4.o
                0x000000d4                ResetISR
 .after_vectors.init_data
                0x00000120       0x12 ./startup/startup_mkl25z4.o
                0x00000120                data_init
 .after_vectors.init_bss
                0x00000132       0x10 ./startup/startup_mkl25z4.o
                0x00000132                bss_init
 .after_vectors
                0x00000142      0x10c ./startup/startup_mkl25z4.o
                0x00000142                NMI_Handler
                0x00000146                SVC_Handler
                0x00000148                PendSV_Handler
                0x0000014a                SysTick_Handler
                0x0000014c                LPTMR0_DriverIRQHandler
                0x0000014c                Reserved39_DriverIRQHandler
                0x0000014c                DMA0_DriverIRQHandler
                0x0000014c                SPI1_DriverIRQHandler
                0x0000014c                I2C0_DriverIRQHandler
                0x0000014c                PORTD_DriverIRQHandler
                0x0000014c                DMA2_DriverIRQHandler
                0x0000014c                CMP0_DriverIRQHandler
                0x0000014c                TPM2_DriverIRQHandler
                0x0000014c                ADC0_DriverIRQHandler
                0x0000014c                SPI0_DriverIRQHandler
                0x0000014c                TSI0_DriverIRQHandler
                0x0000014c                RTC_Seconds_DriverIRQHandler
                0x0000014c                I2C1_DriverIRQHandler
                0x0000014c                LLWU_DriverIRQHandler
                0x0000014c                MCG_DriverIRQHandler
                0x0000014c                DMA1_DriverIRQHandler
                0x0000014c                PIT_DriverIRQHandler
                0x0000014c                RTC_DriverIRQHandler
                0x0000014c                FTFA_DriverIRQHandler
                0x0000014c                IntDefaultHandler
                0x0000014c                USB0_DriverIRQHandler
                0x0000014c                DAC0_DriverIRQHandler
                0x0000014c                LVD_LVW_DriverIRQHandler
                0x0000014c                TPM0_DriverIRQHandler
                0x0000014c                TPM1_DriverIRQHandler
                0x0000014c                PORTA_DriverIRQHandler
                0x0000014c                Reserved20_DriverIRQHandler
                0x0000014c                DMA3_DriverIRQHandler
                0x0000014c                Reserved45_DriverIRQHandler
                0x0000014e                DMA0_IRQHandler
                0x00000156                DMA1_IRQHandler
                0x0000015e                DMA2_IRQHandler
                0x00000166                DMA3_IRQHandler
                0x0000016e                Reserved20_IRQHandler
                0x00000176                FTFA_IRQHandler
                0x0000017e                LVD_LVW_IRQHandler
                0x00000186                LLWU_IRQHandler
                0x0000018e                I2C0_IRQHandler
                0x00000196                I2C1_IRQHandler
                0x0000019e                SPI0_IRQHandler
                0x000001a6                SPI1_IRQHandler
                0x000001b6                UART1_IRQHandler
                0x000001be                UART2_IRQHandler
                0x000001c6                ADC0_IRQHandler
                0x000001ce                CMP0_IRQHandler
                0x000001d6                TPM0_IRQHandler
                0x000001de                TPM1_IRQHandler
                0x000001e6                TPM2_IRQHandler
                0x000001ee                RTC_IRQHandler
                0x000001f6                RTC_Seconds_IRQHandler
                0x000001fe                PIT_IRQHandler
                0x00000206                Reserved39_IRQHandler
                0x0000020e                USB0_IRQHandler
                0x00000216                DAC0_IRQHandler
                0x0000021e                TSI0_IRQHandler
                0x00000226                MCG_IRQHandler
                0x0000022e                LPTMR0_IRQHandler
                0x00000236                Reserved45_IRQHandler
                0x0000023e                PORTA_IRQHandler
                0x00000400                . = 0x400
 *fill*         0x0000024e      0x1b2 ff
                0x00000400                PROVIDE (__FLASH_CONFIG_START__ = .)
 *(SORT_BY_ALIGNMENT(.FlashConfig))
 .FlashConfig   0x00000400       0x10 ./startup/startup_mkl25z4.o
                0x00000400                Flash_Config
                0x00000410                PROVIDE (__FLASH_CONFIG_END__ = .)
                0x00000001                ASSERT (! ((__FLASH_CONFIG_START__ == __FLASH_CONFIG_END__)), Linker Flash Config Support Enabled, but no .FlashConfig section provided within application)
 *(SORT_BY_ALIGNMENT(.text*))
 .text.DbgConsole_Printf
                0x00000410       0x44 ./utilities/fsl_debug_console.o
                0x00000410                DbgConsole_Printf
 .text.DbgConsole_Putchar
                0x00000454       0x34 ./utilities/fsl_debug_console.o
                0x00000454                DbgConsole_Putchar
 .text.TSI_init
                0x00000488       0x30 ./source/Touch.o
                0x00000488                TSI_init
 .text.TSI_scan
                0x000004b8       0x5c ./source/Touch.o
                0x000004b8                TSI_scan
 .text.NVIC_EnableIRQ
                0x00000514       0x2c ./source/UART.o
 .text.NVIC_ClearPendingIRQ
                0x00000540       0x30 ./source/UART.o
 .text.NVIC_SetPriority
                0x00000570       0xdc ./source/UART.o
 .text.Init_UART0
                0x0000064c      0x164 ./source/UART.o
                0x0000064c                Init_UART0
 .text.UART0_IRQHandler
                0x000007b0       0xb8 ./source/UART.o
                0x000007b0                UART0_IRQHandler
 .text.__sys_write
                0x00000868       0x74 ./source/UART.o
                0x00000868                __sys_write
 .text.i2c_init
                0x000008dc       0x84 ./source/i2c.o
                0x000008dc                i2c_init
 .text.i2c_busy
                0x00000960      0x174 ./source/i2c.o
                0x00000960                i2c_busy
 .text.i2c_wait
                0x00000ad4       0x6c ./source/i2c.o
                0x00000ad4                i2c_wait
 .text.i2c_start
                0x00000b40       0x30 ./source/i2c.o
                0x00000b40                i2c_start
 .text.i2c_read_setup
                0x00000b70       0x68 ./source/i2c.o
                0x00000b70                i2c_read_setup
 .text.i2c_repeated_read
                0x00000bd8       0x80 ./source/i2c.o
                0x00000bd8                i2c_repeated_read
 .text.i2c_write_byte
                0x00000c58       0x80 ./source/i2c.o
                0x00000c58                i2c_write_byte
 .text.line_accumulator
                0x00000cd8       0xc8 ./source/line_accumulator.o
                0x00000cd8                line_accumulator
 .text.UserInput
                0x00000da0       0xcc ./source/line_accumulator.o
                0x00000da0                UserInput
 .text.read_full
                0x00000e6c       0xd8 ./source/mma.o
                0x00000e6c                read_full
 .text.convert_xyz_to_roll_pitch
                0x00000f44      0x1f0 ./source/mma.o
                0x00000f44                convert_xyz_to_roll_pitch
 .text.init_led
                0x00001134       0xe8 ./source/pwm_LED.o
                0x00001134                init_led
 .text.set_led_colour
                0x0000121c       0x60 ./source/pwm_LED.o
                0x0000121c                set_led_colour
 .text.set_led_off
                0x0000127c       0x4c ./source/pwm_LED.o
                0x0000127c                set_led_off
 .text.HardFault_Handler
                0x000012c8       0x30 ./source/semihost_hardfault.o
                0x000012c8                HardFault_Handler
 .text.state_machine
                0x000012f8      0x12c ./source/statemachine.o
                0x000012f8                state_machine
 .text.init     0x00001424       0x44 ./source/statemachine.o
                0x00001424                init
 .text.touch_cal
                0x00001468       0x70 ./source/statemachine.o
                0x00001468                touch_cal
 .text.calculate
                0x000014d8       0xc0 ./source/statemachine.o
                0x000014d8                calculate
 .text.output   0x00001598       0x28 ./source/statemachine.o
                0x00001598                output
 .text.PORTD_IRQHandler
                0x000015c0       0x38 ./source/switch.o
                0x000015c0                PORTD_IRQHandler
 .text.button_pressed
                0x000015f8       0x3c ./source/switch.o
                0x000015f8                button_pressed
 .text.sysclock_init
                0x00001634       0x78 ./source/sysclock.o
                0x00001634                sysclock_init
 .text.delay    0x000016ac       0x2c ./source/sysclock.o
                0x000016ac                delay
 .text.test_cbfifo
                0x000016d8      0x5b0 ./source/test.o
                0x000016d8                test_cbfifo
 .text.test_cbfifo_str
                0x00001c88     0x119c ./source/test.o
                0x00001c88                test_cbfifo_str
 .text.test_leds
                0x00002e24       0x94 ./source/test.o
                0x00002e24                test_leds
 .text.__assertion_failed
                0x00002eb8       0x1c ./drivers/fsl_common.o
                0x00002eb8                __assertion_failed
 .text.UART0_DriverIRQHandler
                0x00002ed4       0x24 ./drivers/fsl_lpsci.o
                0x00002ed4                UART0_DriverIRQHandler
 .text.UART1_DriverIRQHandler
                0x00002ef8       0x24 ./drivers/fsl_uart.o
                0x00002ef8                UART1_DriverIRQHandler
 .text.UART2_DriverIRQHandler
                0x00002f1c       0x24 ./drivers/fsl_uart.o
                0x00002f1c                UART2_DriverIRQHandler
 .text.SystemInit
                0x00002f40       0x18 ./CMSIS/system_MKL25Z4.o
                0x00002f40                SystemInit
 .text._deferredlazyseek
                0x00002f58       0x40 c:/nxp/mcuxpressoide_11.6.0_8187/ide/plugins/com.nxp.mcuxpresso.tools.win32_11.6.0.202112161359/tools/bin/../lib/gcc/arm-none-eabi/10.3.1/../../../../arm-none-eabi/lib/thumb/v6-m/nofp\libcr_c.a(_deferredlazyseek.o)
                0x00002f58                _deferredlazyseek
 .text.__flsbuf
                0x00002f98      0x150 c:/nxp/mcuxpressoide_11.6.0_8187/ide/plugins/com.nxp.mcuxpresso.tools.win32_11.6.0.202112161359/tools/bin/../lib/gcc/arm-none-eabi/10.3.1/../../../../arm-none-eabi/lib/thumb/v6-m/nofp\libcr_c.a(_deferredlazyseek.o)
                0x00002f98                __flsbuf
 .text._fflush  0x000030e8       0x60 c:/nxp/mcuxpressoide_11.6.0_8187/ide/plugins/com.nxp.mcuxpresso.tools.win32_11.6.0.202112161359/tools/bin/../lib/gcc/arm-none-eabi/10.3.1/../../../../arm-none-eabi/lib/thumb/v6-m/nofp\libcr_c.a(_fflush.o)
                0x000030e8                _fflush
 .text._Cwritebuf
                0x00003148       0x68 c:/nxp/mcuxpressoide_11.6.0_8187/ide/plugins/com.nxp.mcuxpresso.tools.win32_11.6.0.202112161359/tools/bin/../lib/gcc/arm-none-eabi/10.3.1/../../../../arm-none-eabi/lib/thumb/v6-m/nofp\libcr_c.a(_writebuf.o)
                0x00003148                _Cwritebuf
 .text.malloc   0x000031b0       0xcc c:/nxp/mcuxpressoide_11.6.0_8187/ide/plugins/com.nxp.mcuxpresso.tools.win32_11.6.0.202112161359/tools/bin/../lib/gcc/arm-none-eabi/10.3.1/../../../../arm-none-eabi/lib/thumb/v6-m/nofp\libcr_c.a(alloc.o)
                0x000031b0                malloc
 .text._Csys_alloc
                0x0000327c       0x20 c:/nxp/mcuxpressoide_11.6.0_8187/ide/plugins/com.nxp.mcuxpresso.tools.win32_11.6.0.202112161359/tools/bin/../lib/gcc/arm-none-eabi/10.3.1/../../../../arm-none-eabi/lib/thumb/v6-m/nofp\libcr_c.a(alloc.o)
                0x0000327c                _Csys_alloc
 .text.atan2    0x0000329c      0x108 c:/nxp/mcuxpressoide_11.6.0_8187/ide/plugins/com.nxp.mcuxpresso.tools.win32_11.6.0.202112161359/tools/bin/../lib/gcc/arm-none-eabi/10.3.1/../../../../arm-none-eabi/lib/thumb/v6-m/nofp\libcr_c.a(atan2.o)
                0x0000329c                atan2
 .text.fseek    0x000033a4       0xf0 c:/nxp/mcuxpressoide_11.6.0_8187/ide/plugins/com.nxp.mcuxpresso.tools.win32_11.6.0.202112161359/tools/bin/../lib/gcc/arm-none-eabi/10.3.1/../../../../arm-none-eabi/lib/thumb/v6-m/nofp\libcr_c.a(fseek.o)
                0x000033a4                fseek
 .text.ftell    0x00003494       0x48 c:/nxp/mcuxpressoide_11.6.0_8187/ide/plugins/com.nxp.mcuxpresso.tools.win32_11.6.0.202112161359/tools/bin/../lib/gcc/arm-none-eabi/10.3.1/../../../../arm-none-eabi/lib/thumb/v6-m/nofp\libcr_c.a(ftell.o)
                0x00003494                ftell
 .text._initio  0x000034dc       0x7c c:/nxp/mcuxpressoide_11.6.0_8187/ide/plugins/com.nxp.mcuxpresso.tools.win32_11.6.0.202112161359/tools/bin/../lib/gcc/arm-none-eabi/10.3.1/../../../../arm-none-eabi/lib/thumb/v6-m/nofp\libcr_c.a(initio.o)
                0x000034dc                _initio
 .text.__vfprintf
                0x00003558      0xd40 c:/nxp/mcuxpressoide_11.6.0_8187/ide/plugins/com.nxp.mcuxpresso.tools.win32_11.6.0.202112161359/tools/bin/../lib/gcc/arm-none-eabi/10.3.1/../../../../arm-none-eabi/lib/thumb/v6-m/nofp\libcr_c.a(printf.o)
                0x00003558                __vfprintf
 .text._vsnprintf
                0x00004298       0x70 c:/nxp/mcuxpressoide_11.6.0_8187/ide/plugins/com.nxp.mcuxpresso.tools.win32_11.6.0.202112161359/tools/bin/../lib/gcc/arm-none-eabi/10.3.1/../../../../arm-none-eabi/lib/thumb/v6-m/nofp\libcr_c.a(printf.o)
                0x00004298                _vsnprintf
 .text._printf  0x00004308       0x50 c:/nxp/mcuxpressoide_11.6.0_8187/ide/plugins/com.nxp.mcuxpresso.tools.win32_11.6.0.202112161359/tools/bin/../lib/gcc/arm-none-eabi/10.3.1/../../../../arm-none-eabi/lib/thumb/v6-m/nofp\libcr_c.a(printf.o)
                0x00004308                _printf
 .text.ch_val   0x00004358       0x30 c:/nxp/mcuxpressoide_11.6.0_8187/ide/plugins/com.nxp.mcuxpresso.tools.win32_11.6.0.202112161359/tools/bin/../lib/gcc/arm-none-eabi/10.3.1/../../../../arm-none-eabi/lib/thumb/v6-m/nofp\libcr_c.a(scanf.o)
 .text._strtoul
                0x00004388       0xcc c:/nxp/mcuxpressoide_11.6.0_8187/ide/plugins/com.nxp.mcuxpresso.tools.win32_11.6.0.202112161359/tools/bin/../lib/gcc/arm-none-eabi/10.3.1/../../../../arm-none-eabi/lib/thumb/v6-m/nofp\libcr_c.a(scanf.o)
 .text.strtol   0x00004454       0x8c c:/nxp/mcuxpressoide_11.6.0_8187/ide/plugins/com.nxp.mcuxpresso.tools.win32_11.6.0.202112161359/tools/bin/../lib/gcc/arm-none-eabi/10.3.1/../../../../arm-none-eabi/lib/thumb/v6-m/nofp\libcr_c.a(scanf.o)
                0x00004454                strtol
 .text.setvbuf  0x000044e0       0x4c c:/nxp/mcuxpressoide_11.6.0_8187/ide/plugins/com.nxp.mcuxpresso.tools.win32_11.6.0.202112161359/tools/bin/../lib/gcc/arm-none-eabi/10.3.1/../../../../arm-none-eabi/lib/thumb/v6-m/nofp\libcr_c.a(setvbuf.o)
                0x000044e0                setvbuf
 .text.sqrt     0x0000452c      0x134 c:/nxp/mcuxpressoide_11.6.0_8187/ide/plugins/com.nxp.mcuxpresso.tools.win32_11.6.0.202112161359/tools/bin/../lib/gcc/arm-none-eabi/10.3.1/../../../../arm-none-eabi/lib/thumb/v6-m/nofp\libcr_c.a(sqrt.o)
                0x0000452c                sqrt
 .text.strlen   0x00004660       0x58 c:/nxp/mcuxpressoide_11.6.0_8187/ide/plugins/com.nxp.mcuxpresso.tools.win32_11.6.0.202112161359/tools/bin/../lib/gcc/arm-none-eabi/10.3.1/../../../../arm-none-eabi/lib/thumb/v6-m/nofp\libcr_c.a(strlen.o)
                0x00004660                strlen
 .text.strncmp  0x000046b8       0x50 c:/nxp/mcuxpressoide_11.6.0_8187/ide/plugins/com.nxp.mcuxpresso.tools.win32_11.6.0.202112161359/tools/bin/../lib/gcc/arm-none-eabi/10.3.1/../../../../arm-none-eabi/lib/thumb/v6-m/nofp\libcr_c.a(strncmp.o)
                0x000046b8                strncmp
 .text._asinacos
                0x00004708      0x270 c:/nxp/mcuxpressoide_11.6.0_8187/ide/plugins/com.nxp.mcuxpresso.tools.win32_11.6.0.202112161359/tools/bin/../lib/gcc/arm-none-eabi/10.3.1/../../../../arm-none-eabi/lib/thumb/v6-m/nofp\libcr_c.a(_asinacos.o)
                0x00004708                _asinacos
 .text._sbrk    0x00004978       0x44 c:/nxp/mcuxpressoide_11.6.0_8187/ide/plugins/com.nxp.mcuxpresso.tools.win32_11.6.0.202112161359/tools/bin/../lib/gcc/arm-none-eabi/10.3.1/../../../../arm-none-eabi/lib/thumb/v6-m/nofp\libcr_c.a(_cr_sbrk.o)
                0x00004978                _sbrk
 .text._fdopen  0x000049bc       0x74 c:/nxp/mcuxpressoide_11.6.0_8187/ide/plugins/com.nxp.mcuxpresso.tools.win32_11.6.0.202112161359/tools/bin/../lib/gcc/arm-none-eabi/10.3.1/../../../../arm-none-eabi/lib/thumb/v6-m/nofp\libcr_c.a(_fdopen.o)
                0x000049bc                _fdopen
 .text.atan     0x00004a30      0x204 c:/nxp/mcuxpressoide_11.6.0_8187/ide/plugins/com.nxp.mcuxpresso.tools.win32_11.6.0.202112161359/tools/bin/../lib/gcc/arm-none-eabi/10.3.1/../../../../arm-none-eabi/lib/thumb/v6-m/nofp\libcr_c.a(atan.o)
                0x00004a30                atan
 .text.fclose   0x00004c34       0x5c c:/nxp/mcuxpressoide_11.6.0_8187/ide/plugins/com.nxp.mcuxpresso.tools.win32_11.6.0.202112161359/tools/bin/../lib/gcc/arm-none-eabi/10.3.1/../../../../arm-none-eabi/lib/thumb/v6-m/nofp\libcr_c.a(fclose.o)
                0x00004c34                fclose
 .text.fflush   0x00004c90       0x44 c:/nxp/mcuxpressoide_11.6.0_8187/ide/plugins/com.nxp.mcuxpresso.tools.win32_11.6.0.202112161359/tools/bin/../lib/gcc/arm-none-eabi/10.3.1/../../../../arm-none-eabi/lib/thumb/v6-m/nofp\libcr_c.a(fflush.o)
                0x00004c90                fflush
 .text.__check_heap_overflow
                0x00004cd4       0x18 c:/nxp/mcuxpressoide_11.6.0_8187/ide/plugins/com.nxp.mcuxpresso.tools.win32_11.6.0.202112161359/tools/bin/../lib/gcc/arm-none-eabi/10.3.1/../../../../arm-none-eabi/lib/thumb/v6-m/nofp\libcr_c.a(_cr_check_heap.o)
                0x00004cd4                __check_heap_overflow
 .text._do_fflush
                0x00004cec       0x48 c:/nxp/mcuxpressoide_11.6.0_8187/ide/plugins/com.nxp.mcuxpresso.tools.win32_11.6.0.202112161359/tools/bin/../lib/gcc/arm-none-eabi/10.3.1/../../../../arm-none-eabi/lib/thumb/v6-m/nofp\libcr_c.a(_do_fflush.o)
                0x00004cec                _do_fflush
 .text.__aeabi_dmul
                0x00004d34      0x184 c:/nxp/mcuxpressoide_11.6.0_8187/ide/plugins/com.nxp.mcuxpresso.tools.win32_11.6.0.202112161359/tools/bin/../lib/gcc/arm-none-eabi/10.3.1/thumb/v6-m/nofp\libcr_eabihelpers.a(double.o)
                0x00004d34                __aeabi_dmul
 .text.__aeabi_ddiv
                0x00004eb8      0x14c c:/nxp/mcuxpressoide_11.6.0_8187/ide/plugins/com.nxp.mcuxpresso.tools.win32_11.6.0.202112161359/tools/bin/../lib/gcc/arm-none-eabi/10.3.1/thumb/v6-m/nofp\libcr_eabihelpers.a(double.o)
                0x00004eb8                __aeabi_ddiv
 .text.__aeabi_dsub
                0x00005004      0x1c0 c:/nxp/mcuxpressoide_11.6.0_8187/ide/plugins/com.nxp.mcuxpresso.tools.win32_11.6.0.202112161359/tools/bin/../lib/gcc/arm-none-eabi/10.3.1/thumb/v6-m/nofp\libcr_eabihelpers.a(double.o)
                0x00005004                __aeabi_dsub
 .text.__aeabi_dadd
                0x000051c4      0x134 c:/nxp/mcuxpressoide_11.6.0_8187/ide/plugins/com.nxp.mcuxpresso.tools.win32_11.6.0.202112161359/tools/bin/../lib/gcc/arm-none-eabi/10.3.1/thumb/v6-m/nofp\libcr_eabihelpers.a(double.o)
                0x000051c4                __aeabi_dadd
 .text.__aeabi_d2f
                0x000052f8       0x60 c:/nxp/mcuxpressoide_11.6.0_8187/ide/plugins/com.nxp.mcuxpresso.tools.win32_11.6.0.202112161359/tools/bin/../lib/gcc/arm-none-eabi/10.3.1/thumb/v6-m/nofp\libcr_eabihelpers.a(double.o)
                0x000052f8                __aeabi_d2f
 .text.__aeabi_dcmpeq
                0x00005358       0x30 c:/nxp/mcuxpressoide_11.6.0_8187/ide/plugins/com.nxp.mcuxpresso.tools.win32_11.6.0.202112161359/tools/bin/../lib/gcc/arm-none-eabi/10.3.1/thumb/v6-m/nofp\libcr_eabihelpers.a(double.o)
                0x00005358                __aeabi_dcmpeq
 .text.__aeabi_dcmplt
                0x00005388       0x60 c:/nxp/mcuxpressoide_11.6.0_8187/ide/plugins/com.nxp.mcuxpresso.tools.win32_11.6.0.202112161359/tools/bin/../lib/gcc/arm-none-eabi/10.3.1/thumb/v6-m/nofp\libcr_eabihelpers.a(double.o)
                0x00005388                __aeabi_dcmplt
 .text.__aeabi_dcmpgt
                0x000053e8       0x5c c:/nxp/mcuxpressoide_11.6.0_8187/ide/plugins/com.nxp.mcuxpresso.tools.win32_11.6.0.202112161359/tools/bin/../lib/gcc/arm-none-eabi/10.3.1/thumb/v6-m/nofp\libcr_eabihelpers.a(double.o)
                0x000053e8                __aeabi_dcmpgt
 .text.__aeabi_dcmple
                0x00005444       0x5c c:/nxp/mcuxpressoide_11.6.0_8187/ide/plugins/com.nxp.mcuxpresso.tools.win32_11.6.0.202112161359/tools/bin/../lib/gcc/arm-none-eabi/10.3.1/thumb/v6-m/nofp\libcr_eabihelpers.a(double.o)
                0x00005444                __aeabi_dcmple
 .text.__aeabi_fmul
                0x000054a0       0xc0 c:/nxp/mcuxpressoide_11.6.0_8187/ide/plugins/com.nxp.mcuxpresso.tools.win32_11.6.0.202112161359/tools/bin/../lib/gcc/arm-none-eabi/10.3.1/thumb/v6-m/nofp\libcr_eabihelpers.a(float.o)
                0x000054a0                __aeabi_fmul
 .text.__aeabi_fsub
                0x00005560      0x128 c:/nxp/mcuxpressoide_11.6.0_8187/ide/plugins/com.nxp.mcuxpresso.tools.win32_11.6.0.202112161359/tools/bin/../lib/gcc/arm-none-eabi/10.3.1/thumb/v6-m/nofp\libcr_eabihelpers.a(float.o)
                0x00005560                __aeabi_fsub
 .text.__aeabi_fadd
                0x00005688       0xac c:/nxp/mcuxpressoide_11.6.0_8187/ide/plugins/com.nxp.mcuxpresso.tools.win32_11.6.0.202112161359/tools/bin/../lib/gcc/arm-none-eabi/10.3.1/thumb/v6-m/nofp\libcr_eabihelpers.a(float.o)
                0x00005688                __aeabi_fadd
 .text.__aeabi_f2iz
                0x00005734       0x3c c:/nxp/mcuxpressoide_11.6.0_8187/ide/plugins/com.nxp.mcuxpresso.tools.win32_11.6.0.202112161359/tools/bin/../lib/gcc/arm-none-eabi/10.3.1/thumb/v6-m/nofp\libcr_eabihelpers.a(float.o)
                0x00005734                __aeabi_f2iz
 .text.__aeabi_f2d
                0x00005770       0x40 c:/nxp/mcuxpressoide_11.6.0_8187/ide/plugins/com.nxp.mcuxpresso.tools.win32_11.6.0.202112161359/tools/bin/../lib/gcc/arm-none-eabi/10.3.1/thumb/v6-m/nofp\libcr_eabihelpers.a(float.o)
                0x00005770                __aeabi_f2d
 .text.DbgConsole_PrintfPaddingCharacter
                0x000057b0       0x48 ./utilities/fsl_debug_console.o
 .text.DbgConsole_ConvertRadixNumToString
                0x000057f8      0x114 ./utilities/fsl_debug_console.o
 .text.DbgConsole_PrintfFormattedData
                0x0000590c      0x33a ./utilities/fsl_debug_console.o
 .text.cbfifo_init
                0x00005c46       0x4a ./source/cbfifo.o
                0x00005c46                cbfifo_init
 .text.cbfifo_empty
                0x00005c90       0x1e ./source/cbfifo.o
                0x00005c90                cbfifo_empty
 .text.cbfifo_full
                0x00005cae       0x22 ./source/cbfifo.o
                0x00005cae                cbfifo_full
 .text.cbfifo_length
                0x00005cd0       0x18 ./source/cbfifo.o
                0x00005cd0                cbfifo_length
 .text.nextPtr  0x00005ce8       0x28 ./source/cbfifo.o
 .text.cbfifo_enqueue
                0x00005d10      0x158 ./source/cbfifo.o
                0x00005d10                cbfifo_enqueue
 .text.cbfifo_dequeue
                0x00005e68      0x154 ./source/cbfifo.o
                0x00005e68                cbfifo_dequeue
 .text.cbfifo_capacity
                0x00005fbc        0xe ./source/cbfifo.o
                0x00005fbc                cbfifo_capacity
 .text.main     0x00005fca       0x10 ./source/main.o
                0x00005fca                main
 .text.init_mma
                0x00005fda       0x16 ./source/mma.o
                0x00005fda                init_mma
 .text.__main   0x00005ff0        0xc c:/nxp/mcuxpressoide_11.6.0_8187/ide/plugins/com.nxp.mcuxpresso.tools.win32_11.6.0.202112161359/tools/bin/../lib/gcc/arm-none-eabi/10.3.1/../../../../arm-none-eabi/lib/thumb/v6-m/nofp\libcr_nohost_nf.a(_cr__main.o)
                0x00005ff0                __main
 .text.memcpy   0x00005ffc        0x8 c:/nxp/mcuxpressoide_11.6.0_8187/ide/plugins/com.nxp.mcuxpresso.tools.win32_11.6.0.202112161359/tools/bin/../lib/gcc/arm-none-eabi/10.3.1/../../../../arm-none-eabi/lib/thumb/v6-m/nofp\libcr_c.a(memcpy.o)
                0x00005ffc                memcpy
 .text.memset   0x00006004        0x8 c:/nxp/mcuxpressoide_11.6.0_8187/ide/plugins/com.nxp.mcuxpresso.tools.win32_11.6.0.202112161359/tools/bin/../lib/gcc/arm-none-eabi/10.3.1/../../../../arm-none-eabi/lib/thumb/v6-m/nofp\libcr_c.a(memset.o)
                0x00006004                memset
 .text.acos     0x0000600c        0xa c:/nxp/mcuxpressoide_11.6.0_8187/ide/plugins/com.nxp.mcuxpresso.tools.win32_11.6.0.202112161359/tools/bin/../lib/gcc/arm-none-eabi/10.3.1/../../../../arm-none-eabi/lib/thumb/v6-m/nofp\libcr_c.a(acos.o)
                0x0000600c                acos
 .text.free     0x00006016       0x2c c:/nxp/mcuxpressoide_11.6.0_8187/ide/plugins/com.nxp.mcuxpresso.tools.win32_11.6.0.202112161359/tools/bin/../lib/gcc/arm-none-eabi/10.3.1/../../../../arm-none-eabi/lib/thumb/v6-m/nofp\libcr_c.a(alloc.o)
                0x00006016                free
 .text.fabs     0x00006042       0x22 c:/nxp/mcuxpressoide_11.6.0_8187/ide/plugins/com.nxp.mcuxpresso.tools.win32_11.6.0.202112161359/tools/bin/../lib/gcc/arm-none-eabi/10.3.1/../../../../arm-none-eabi/lib/thumb/v6-m/nofp\libcr_c.a(fabs.o)
                0x00006042                fabs
 .text.no_fp_display
                0x00006064        0x4 c:/nxp/mcuxpressoide_11.6.0_8187/ide/plugins/com.nxp.mcuxpresso.tools.win32_11.6.0.202112161359/tools/bin/../lib/gcc/arm-none-eabi/10.3.1/../../../../arm-none-eabi/lib/thumb/v6-m/nofp\libcr_c.a(printf.o)
 .text.remove   0x00006068       0x12 c:/nxp/mcuxpressoide_11.6.0_8187/ide/plugins/com.nxp.mcuxpresso.tools.win32_11.6.0.202112161359/tools/bin/../lib/gcc/arm-none-eabi/10.3.1/../../../../arm-none-eabi/lib/thumb/v6-m/nofp\libcr_c.a(remove.o)
                0x00006068                remove
 .text.__aeabi_division_idivmod
                0x0000607a       0x78 c:/nxp/mcuxpressoide_11.6.0_8187/ide/plugins/com.nxp.mcuxpresso.tools.win32_11.6.0.202112161359/tools/bin/../lib/gcc/arm-none-eabi/10.3.1/thumb/v6-m/nofp\libcr_eabihelpers.a(division_32.o)
                0x0000607a                __aeabi_idivmod
                0x0000607a                __aeabi_idiv
                0x00006080                __aeabi_uidivmod
                0x00006080                __aeabi_uidiv
 .text.__aeabi_division_idiv0
                0x000060f2        0x2 c:/nxp/mcuxpressoide_11.6.0_8187/ide/plugins/com.nxp.mcuxpresso.tools.win32_11.6.0.202112161359/tools/bin/../lib/gcc/arm-none-eabi/10.3.1/thumb/v6-m/nofp\libcr_eabihelpers.a(division_idiv0.o)
                0x000060f2                __aeabi_idiv0
 .text.__bhs_ui2d
                0x000060f4       0x5e c:/nxp/mcuxpressoide_11.6.0_8187/ide/plugins/com.nxp.mcuxpresso.tools.win32_11.6.0.202112161359/tools/bin/../lib/gcc/arm-none-eabi/10.3.1/thumb/v6-m/nofp\libcr_eabihelpers.a(double.o)
                0x000060f4                __bhs_ui2d
 .text.__aeabi_i2d
                0x00006152       0x18 c:/nxp/mcuxpressoide_11.6.0_8187/ide/plugins/com.nxp.mcuxpresso.tools.win32_11.6.0.202112161359/tools/bin/../lib/gcc/arm-none-eabi/10.3.1/thumb/v6-m/nofp\libcr_eabihelpers.a(double.o)
                0x00006152                __aeabi_i2d
 .text.__aeabi_llong_lmul
                0x0000616a       0x2e c:/nxp/mcuxpressoide_11.6.0_8187/ide/plugins/com.nxp.mcuxpresso.tools.win32_11.6.0.202112161359/tools/bin/../lib/gcc/arm-none-eabi/10.3.1/thumb/v6-m/nofp\libcr_eabihelpers.a(llong.o)
                0x0000616a                __aeabi_lmul
 .text.__aeabi_memcpy
                0x00006198       0x2c c:/nxp/mcuxpressoide_11.6.0_8187/ide/plugins/com.nxp.mcuxpresso.tools.win32_11.6.0.202112161359/tools/bin/../lib/gcc/arm-none-eabi/10.3.1/thumb/v6-m/nofp\libcr_eabihelpers.a(memcpy.o)
                0x00006198                __aeabi_memcpy4
                0x00006198                __aeabi_memcpy8
                0x00006198                __aeabi_memcpy
 .text.__aeabi_memset_lowlevel
                0x000061c4       0x2a c:/nxp/mcuxpressoide_11.6.0_8187/ide/plugins/com.nxp.mcuxpresso.tools.win32_11.6.0.202112161359/tools/bin/../lib/gcc/arm-none-eabi/10.3.1/thumb/v6-m/nofp\libcr_eabihelpers.a(memcpy.o)
                0x000061c4                __aeabi_lowlevel_memset
 .text.__gnu_thumb1_case_shi
                0x000061ee       0x10 c:/nxp/mcuxpressoide_11.6.0_8187/ide/plugins/com.nxp.mcuxpresso.tools.win32_11.6.0.202112161359/tools/bin/../lib/gcc/arm-none-eabi/10.3.1/thumb/v6-m/nofp\libcr_eabihelpers.a(thumb1_switch_helpers.o)
                0x000061ee                __gnu_thumb1_case_shi
 .text.__sys_appexit
                0x000061fe        0x2 c:/nxp/mcuxpressoide_11.6.0_8187/ide/plugins/com.nxp.mcuxpresso.tools.win32_11.6.0.202112161359/tools/bin/../lib/gcc/arm-none-eabi/10.3.1/../../../../arm-none-eabi/lib/thumb/v6-m/nofp\libcr_nohost_nf.a(__sys_appexit.o)
                0x000061fe                __sys_appexit
                0x000061fe                __exit
 .text.__sys_close
                0x00006200        0x6 c:/nxp/mcuxpressoide_11.6.0_8187/ide/plugins/com.nxp.mcuxpresso.tools.win32_11.6.0.202112161359/tools/bin/../lib/gcc/arm-none-eabi/10.3.1/../../../../arm-none-eabi/lib/thumb/v6-m/nofp\libcr_nohost_nf.a(__sys_close.o)
                0x00006200                __sys_close
 .text.__sys_flen
                0x00006206        0x6 c:/nxp/mcuxpressoide_11.6.0_8187/ide/plugins/com.nxp.mcuxpresso.tools.win32_11.6.0.202112161359/tools/bin/../lib/gcc/arm-none-eabi/10.3.1/../../../../arm-none-eabi/lib/thumb/v6-m/nofp\libcr_nohost_nf.a(__sys_flen.o)
                0x00006206                __sys_flen
 .text.__sys_istty
                0x0000620c        0x6 c:/nxp/mcuxpressoide_11.6.0_8187/ide/plugins/com.nxp.mcuxpresso.tools.win32_11.6.0.202112161359/tools/bin/../lib/gcc/arm-none-eabi/10.3.1/../../../../arm-none-eabi/lib/thumb/v6-m/nofp\libcr_nohost_nf.a(__sys_istty.o)
                0x0000620c                __sys_istty
 .text.__sys_remove
                0x00006212        0x6 c:/nxp/mcuxpressoide_11.6.0_8187/ide/plugins/com.nxp.mcuxpresso.tools.win32_11.6.0.202112161359/tools/bin/../lib/gcc/arm-none-eabi/10.3.1/../../../../arm-none-eabi/lib/thumb/v6-m/nofp\libcr_nohost_nf.a(__sys_remove.o)
                0x00006212                __sys_remove
 .text.__sys_seek
                0x00006218        0x6 c:/nxp/mcuxpressoide_11.6.0_8187/ide/plugins/com.nxp.mcuxpresso.tools.win32_11.6.0.202112161359/tools/bin/../lib/gcc/arm-none-eabi/10.3.1/../../../../arm-none-eabi/lib/thumb/v6-m/nofp\libcr_nohost_nf.a(__sys_seek.o)
                0x00006218                __sys_seek
 .text.__sys_tmpnam
                0x0000621e        0x6 c:/nxp/mcuxpressoide_11.6.0_8187/ide/plugins/com.nxp.mcuxpresso.tools.win32_11.6.0.202112161359/tools/bin/../lib/gcc/arm-none-eabi/10.3.1/../../../../arm-none-eabi/lib/thumb/v6-m/nofp\libcr_nohost_nf.a(__sys_tmpnam.o)
                0x0000621e                __sys_tmpnam
 *(SORT_BY_ALIGNMENT(.rodata) SORT_BY_ALIGNMENT(.rodata.*) SORT_BY_ALIGNMENT(.constdata) SORT_BY_ALIGNMENT(.constdata.*))
 *fill*         0x00006224        0x4 ff
 .rodata.a.1    0x00006228       0x10 c:/nxp/mcuxpressoide_11.6.0_8187/ide/plugins/com.nxp.mcuxpresso.tools.win32_11.6.0.202112161359/tools/bin/../lib/gcc/arm-none-eabi/10.3.1/../../../../arm-none-eabi/lib/thumb/v6-m/nofp\libcr_c.a(_asinacos.o)
 .rodata.b.0    0x00006238       0x10 c:/nxp/mcuxpressoide_11.6.0_8187/ide/plugins/com.nxp.mcuxpresso.tools.win32_11.6.0.202112161359/tools/bin/../lib/gcc/arm-none-eabi/10.3.1/../../../../arm-none-eabi/lib/thumb/v6-m/nofp\libcr_c.a(_asinacos.o)
 .rodata.a.0    0x00006248       0x20 c:/nxp/mcuxpressoide_11.6.0_8187/ide/plugins/com.nxp.mcuxpresso.tools.win32_11.6.0.202112161359/tools/bin/../lib/gcc/arm-none-eabi/10.3.1/../../../../arm-none-eabi/lib/thumb/v6-m/nofp\libcr_c.a(atan.o)
 .rodata.line_accumulator.str1.4
                0x00006268        0x3 ./source/line_accumulator.o
 *fill*         0x0000626b        0x1 ff
 .rodata.UserInput.str1.4
                0x0000626c       0x55 ./source/line_accumulator.o
 *fill*         0x000062c1        0x3 ff
 .rodata.state_machine.str1.4
                0x000062c4       0x79 ./source/statemachine.o
 *fill*         0x0000633d        0x3 ff
 .rodata.state_machine
                0x00006340       0x18 ./source/statemachine.o
 .rodata.touch_cal.str1.4
                0x00006358       0x1a ./source/statemachine.o
 *fill*         0x00006372        0x2 ff
 .rodata.calculate.str1.4
                0x00006374       0x3f ./source/statemachine.o
 *fill*         0x000063b3        0x1 ff
 .rodata.output.str1.4
                0x000063b4       0x1f ./source/statemachine.o
 *fill*         0x000063d3        0x1 ff
 .rodata.test_cbfifo.str1.4
                0x000063d4      0x12f ./source/test.o
 *fill*         0x00006503        0x1 ff
 .rodata.test_cbfifo_str.str1.4
                0x00006504     0x1913 ./source/test.o
 *fill*         0x00007e17        0x1 ff
 .rodata.test_leds.str1.4
                0x00007e18       0x25 ./source/test.o
 *fill*         0x00007e3d        0x3 ff
 .rodata.__assertion_failed.str1.4
                0x00007e40        0x4 ./drivers/fsl_common.o
 .rodata.__num_Ciob_streams
                0x00007e44        0x4 c:/nxp/mcuxpressoide_11.6.0_8187/ide/plugins/com.nxp.mcuxpresso.tools.win32_11.6.0.202112161359/tools/bin/../lib/gcc/arm-none-eabi/10.3.1/../../../../arm-none-eabi/lib/thumb/v6-m/nofp\libcr_nohost_nf.a(__ciob.o)
                0x00007e44                __num_Ciob_streams
 .rodata._Csys_alloc.str1.1
                0x00007e48       0x18 c:/nxp/mcuxpressoide_11.6.0_8187/ide/plugins/com.nxp.mcuxpresso.tools.win32_11.6.0.202112161359/tools/bin/../lib/gcc/arm-none-eabi/10.3.1/../../../../arm-none-eabi/lib/thumb/v6-m/nofp\libcr_c.a(alloc.o)
 .rodata._initio.str1.1
                0x00007e60        0x4 c:/nxp/mcuxpressoide_11.6.0_8187/ide/plugins/com.nxp.mcuxpresso.tools.win32_11.6.0.202112161359/tools/bin/../lib/gcc/arm-none-eabi/10.3.1/../../../../arm-none-eabi/lib/thumb/v6-m/nofp\libcr_c.a(initio.o)
 .rodata.__vfprintf.str1.1
                0x00007e64       0x37 c:/nxp/mcuxpressoide_11.6.0_8187/ide/plugins/com.nxp.mcuxpresso.tools.win32_11.6.0.202112161359/tools/bin/../lib/gcc/arm-none-eabi/10.3.1/../../../../arm-none-eabi/lib/thumb/v6-m/nofp\libcr_c.a(printf.o)
                                 0x38 (size before relaxing)
 .rodata.__ctype
                0x00007e9b      0x180 c:/nxp/mcuxpressoide_11.6.0_8187/ide/plugins/com.nxp.mcuxpresso.tools.win32_11.6.0.202112161359/tools/bin/../lib/gcc/arm-none-eabi/10.3.1/../../../../arm-none-eabi/lib/thumb/v6-m/nofp\libcr_c.a(ctype.o)
                0x00007e9b                __ctype
                0x0000801c                . = ALIGN (0x4)
 *fill*         0x0000801b        0x1 ff
                0x0000801c                _etext = .

.glue_7         0x0000801c        0x0
 .glue_7        0x0000801c        0x0 linker stubs

.glue_7t        0x0000801c        0x0
 .glue_7t       0x0000801c        0x0 linker stubs

.vfp11_veneer   0x0000801c        0x0
 .vfp11_veneer  0x0000801c        0x0 linker stubs

.v4_bx          0x0000801c        0x0
 .v4_bx         0x0000801c        0x0 linker stubs

.iplt           0x0000801c        0x0
 .iplt          0x0000801c        0x0 ./utilities/fsl_debug_console.o

.rel.dyn        0x0000801c        0x0
 .rel.iplt      0x0000801c        0x0 ./utilities/fsl_debug_console.o

.m_usb_data
 *(SORT_BY_ALIGNMENT(m_usb_bdt))

.mtb_buffer_default
                0x1ffff000       0x80
 *(SORT_BY_ALIGNMENT(.mtb*))
 .mtb.$RAM1     0x1ffff000       0x80 ./source/mtb.o
                0x1ffff000                __mtb_buffer__

.uninit_RESERVED
                0x1ffff080        0x0
                0x1ffff080                _start_uninit_RESERVED = .
 *(SORT_BY_ALIGNMENT(.bss.$RESERVED*))
                0x1ffff080                . = ALIGN (0x4)
                0x1ffff080                _end_uninit_RESERVED = .

.data           0x1ffff080        0x0 load address 0x0000801c
 FILL mask 0xff
                0x1ffff080                _data = .
                [!provide]                PROVIDE (__start_data_RAM = .)
                [!provide]                PROVIDE (__start_data_SRAM = .)
 *(SORT_BY_ALIGNMENT(vtable))
 *(SORT_BY_ALIGNMENT(.ramfunc*))
 *(SORT_BY_ALIGNMENT(CodeQuickAccess))
 *(SORT_BY_ALIGNMENT(DataQuickAccess))
 *(SORT_BY_ALIGNMENT(RamFunction))
 *(SORT_BY_ALIGNMENT(.data*))
                0x1ffff080                . = ALIGN (0x4)
                0x1ffff080                _edata = .
                [!provide]                PROVIDE (__end_data_RAM = .)
                [!provide]                PROVIDE (__end_data_SRAM = .)

.igot.plt       0x1ffff080        0x0 load address 0x0000801c
 .igot.plt      0x1ffff080        0x0 ./utilities/fsl_debug_console.o

.bss            0x1ffff080      0x548
                0x1ffff080                _bss = .
                [!provide]                PROVIDE (__start_bss_RAM = .)
                [!provide]                PROVIDE (__start_bss_SRAM = .)
 *(SORT_BY_ALIGNMENT(.bss*))
 .bss.s_debugConsole
                0x1ffff080       0x10 ./utilities/fsl_debug_console.o
 .bss.rx        0x1ffff090      0x108 ./source/UART.o
                0x1ffff090                rx
 .bss.tx        0x1ffff198      0x108 ./source/UART.o
                0x1ffff198                tx
 .bss.lock_detect
                0x1ffff2a0        0x4 ./source/i2c.o
                0x1ffff2a0                lock_detect
 .bss.i2c_lock  0x1ffff2a4        0x4 ./source/i2c.o
                0x1ffff2a4                i2c_lock
 .bss.flag1     0x1ffff2a8        0x4 ./source/line_accumulator.o
                0x1ffff2a8                flag1
 .bss.input_angle
                0x1ffff2ac        0x4 ./source/line_accumulator.o
                0x1ffff2ac                input_angle
 .bss.roll      0x1ffff2b0        0x4 ./source/mma.o
                0x1ffff2b0                roll
 .bss.pitch     0x1ffff2b4        0x4 ./source/mma.o
                0x1ffff2b4                pitch
 .bss.init_flag
                0x1ffff2b8        0x4 ./source/statemachine.o
                0x1ffff2b8                init_flag
 .bss.test_flag
                0x1ffff2bc        0x4 ./source/statemachine.o
                0x1ffff2bc                test_flag
 .bss.touch_flag
                0x1ffff2c0        0x4 ./source/statemachine.o
                0x1ffff2c0                touch_flag
 .bss.calibrated_angle
                0x1ffff2c4        0x4 ./source/statemachine.o
                0x1ffff2c4                calibrated_angle
 .bss.value     0x1ffff2c8        0x4 ./source/statemachine.o
                0x1ffff2c8                value
 .bss.new_angle
                0x1ffff2cc        0x4 ./source/statemachine.o
                0x1ffff2cc                new_angle
 .bss.current_angle
                0x1ffff2d0        0x4 ./source/statemachine.o
                0x1ffff2d0                current_angle
 .bss.b_press   0x1ffff2d4        0x4 ./source/switch.o
 .bss.txb       0x1ffff2d8      0x108 ./source/test.o
                0x1ffff2d8                txb
 .bss.rxb       0x1ffff3e0      0x108 ./source/test.o
                0x1ffff3e0                rxb
 .bss.s_lpsciHandle
                0x1ffff4e8        0x4 ./drivers/fsl_lpsci.o
 .bss.s_lpsciIsr
                0x1ffff4ec        0x4 ./drivers/fsl_lpsci.o
 .bss.s_uartHandle
                0x1ffff4f0        0xc ./drivers/fsl_uart.o
 .bss.s_uartIsr
                0x1ffff4fc        0x4 ./drivers/fsl_uart.o
 .bss.__Ciob    0x1ffff500       0xb4 c:/nxp/mcuxpressoide_11.6.0_8187/ide/plugins/com.nxp.mcuxpresso.tools.win32_11.6.0.202112161359/tools/bin/../lib/gcc/arm-none-eabi/10.3.1/../../../../arm-none-eabi/lib/thumb/v6-m/nofp\libcr_nohost_nf.a(__ciob.o)
                0x1ffff500                __Ciob
 .bss.errno     0x1ffff5b4        0x4 c:/nxp/mcuxpressoide_11.6.0_8187/ide/plugins/com.nxp.mcuxpresso.tools.win32_11.6.0.202112161359/tools/bin/../lib/gcc/arm-none-eabi/10.3.1/../../../../arm-none-eabi/lib/thumb/v6-m/nofp\libcr_c.a(errno.o)
                0x1ffff5b4                errno
 .bss.__end_of_heap
                0x1ffff5b8        0x4 c:/nxp/mcuxpressoide_11.6.0_8187/ide/plugins/com.nxp.mcuxpresso.tools.win32_11.6.0.202112161359/tools/bin/../lib/gcc/arm-none-eabi/10.3.1/../../../../arm-none-eabi/lib/thumb/v6-m/nofp\libcr_c.a(__init_alloc.o)
                0x1ffff5b8                __end_of_heap
 .bss.__heaps   0x1ffff5bc        0x4 c:/nxp/mcuxpressoide_11.6.0_8187/ide/plugins/com.nxp.mcuxpresso.tools.win32_11.6.0.202112161359/tools/bin/../lib/gcc/arm-none-eabi/10.3.1/../../../../arm-none-eabi/lib/thumb/v6-m/nofp\libcr_c.a(__init_alloc.o)
                0x1ffff5bc                __heaps
 .bss.acc_X     0x1ffff5c0        0x2 ./source/mma.o
                0x1ffff5c0                acc_X
 .bss.acc_Y     0x1ffff5c2        0x2 ./source/mma.o
                0x1ffff5c2                acc_Y
 .bss.acc_Z     0x1ffff5c4        0x2 ./source/mma.o
                0x1ffff5c4                acc_Z
 .bss.next_state
                0x1ffff5c6        0x1 ./source/statemachine.o
                0x1ffff5c6                next_state
 .bss.current_state
                0x1ffff5c7        0x1 ./source/statemachine.o
                0x1ffff5c7                current_state
 *(SORT_BY_ALIGNMENT(COMMON))
                0x1ffff5c8                . = ALIGN (0x4)
                0x1ffff5c8                _ebss = .
                [!provide]                PROVIDE (__end_bss_RAM = .)
                [!provide]                PROVIDE (__end_bss_SRAM = .)
                [!provide]                PROVIDE (end = .)

.noinit         0x1ffff5c8        0x0
                0x1ffff5c8                _noinit = .
                [!provide]                PROVIDE (__start_noinit_RAM = .)
                [!provide]                PROVIDE (__start_noinit_SRAM = .)
 *(SORT_BY_ALIGNMENT(.noinit*))
                0x1ffff5c8                . = ALIGN (0x4)
                0x1ffff5c8                _end_noinit = .
                [!provide]                PROVIDE (__end_noinit_RAM = .)
                [!provide]                PROVIDE (__end_noinit_SRAM = .)

.ARM.extab
 *(SORT_BY_ALIGNMENT(.ARM.extab*) SORT_BY_ALIGNMENT(.gnu.linkonce.armextab.*))

.ARM.exidx      0x0000801c        0x0
                0x0000801c                __exidx_start = .
 *(SORT_BY_ALIGNMENT(.ARM.exidx*) SORT_BY_ALIGNMENT(.gnu.linkonce.armexidx.*))
                0x0000801c                __exidx_end = .
                0x00000400                _HeapSize = 0x400

.heap           0x1ffff5c8      0x400
                0x1ffff5c8                _pvHeapStart = .
                0x1ffff9c8                . = (. + _HeapSize)
 *fill*         0x1ffff5c8      0x400 
                0x1ffff9c8                . = ALIGN (0x4)
                0x1ffff9c8                _pvHeapLimit = .
                0x00000400                _StackSize = 0x400

.heap2stackfill
                0x1ffff9c8      0x400
                0x1ffffdc8                . = (. + _StackSize)
 *fill*         0x1ffff9c8      0x400 

.stack          0x20002c00        0x0
                0x20002c00                _vStackBase = .
                0x20002c00                . = ALIGN (0x4)
                0x20003000                _vStackTop = (. + _StackSize)
                0x00000000                _image_start = LOADADDR (.text)
                0x0000801c                _image_end = (LOADADDR (.data) + SIZEOF (.data))
                0x0000801c                _image_size = (_image_end - _image_start)
OUTPUT(Final_Project.axf elf32-littlearm)
LOAD linker stubs

.debug_info     0x00000000     0x7115
 .debug_info    0x00000000      0xe16 ./utilities/fsl_debug_console.o
 .debug_info    0x00000e16      0x4eb ./startup/startup_mkl25z4.o
 .debug_info    0x00001301      0x313 ./source/Touch.o
 .debug_info    0x00001614      0x86d ./source/UART.o
 .debug_info    0x00001e81      0x369 ./source/cbfifo.o
 .debug_info    0x000021ea      0x531 ./source/i2c.o
 .debug_info    0x0000271b      0x2d1 ./source/line_accumulator.o
 .debug_info    0x000029ec       0x8d ./source/main.o
 .debug_info    0x00002a79      0x1da ./source/mma.o
 .debug_info    0x00002c53       0x53 ./source/mtb.o
 .debug_info    0x00002ca6      0x407 ./source/pwm_LED.o
 .debug_info    0x000030ad       0x3c ./source/semihost_hardfault.o
 .debug_info    0x000030e9      0x1ea ./source/statemachine.o
 .debug_info    0x000032d3      0x787 ./source/switch.o
 .debug_info    0x00003a5a      0x1e1 ./source/sysclock.o
 .debug_info    0x00003c3b      0x536 ./source/test.o
 .debug_info    0x00004171      0x3e8 ./drivers/fsl_common.o
 .debug_info    0x00004559     0x140d ./drivers/fsl_lpsci.o
 .debug_info    0x00005966     0x13ae ./drivers/fsl_uart.o
 .debug_info    0x00006d14      0x401 ./CMSIS/system_MKL25Z4.o

.debug_abbrev   0x00000000     0x1d19
 .debug_abbrev  0x00000000      0x2a5 ./utilities/fsl_debug_console.o
 .debug_abbrev  0x000002a5      0x198 ./startup/startup_mkl25z4.o
 .debug_abbrev  0x0000043d       0xf9 ./source/Touch.o
 .debug_abbrev  0x00000536      0x1fa ./source/UART.o
 .debug_abbrev  0x00000730      0x197 ./source/cbfifo.o
 .debug_abbrev  0x000008c7      0x191 ./source/i2c.o
 .debug_abbrev  0x00000a58      0x150 ./source/line_accumulator.o
 .debug_abbrev  0x00000ba8       0x49 ./source/main.o
 .debug_abbrev  0x00000bf1       0xef ./source/mma.o
 .debug_abbrev  0x00000ce0       0x46 ./source/mtb.o
 .debug_abbrev  0x00000d26      0x11b ./source/pwm_LED.o
 .debug_abbrev  0x00000e41       0x31 ./source/semihost_hardfault.o
 .debug_abbrev  0x00000e72       0xc8 ./source/statemachine.o
 .debug_abbrev  0x00000f3a      0x238 ./source/switch.o
 .debug_abbrev  0x00001172       0xf2 ./source/sysclock.o
 .debug_abbrev  0x00001264      0x164 ./source/test.o
 .debug_abbrev  0x000013c8      0x25b ./drivers/fsl_common.o
 .debug_abbrev  0x00001623      0x2d7 ./drivers/fsl_lpsci.o
 .debug_abbrev  0x000018fa      0x2f1 ./drivers/fsl_uart.o
 .debug_abbrev  0x00001beb      0x12e ./CMSIS/system_MKL25Z4.o

.debug_aranges  0x00000000      0x788
 .debug_aranges
                0x00000000       0x90 ./utilities/fsl_debug_console.o
 .debug_aranges
                0x00000090      0x160 ./startup/startup_mkl25z4.o
 .debug_aranges
                0x000001f0       0x28 ./source/Touch.o
 .debug_aranges
                0x00000218       0x50 ./source/UART.o
 .debug_aranges
                0x00000268       0x58 ./source/cbfifo.o
 .debug_aranges
                0x000002c0       0x58 ./source/i2c.o
 .debug_aranges
                0x00000318       0x28 ./source/line_accumulator.o
 .debug_aranges
                0x00000340       0x20 ./source/main.o
 .debug_aranges
                0x00000360       0x38 ./source/mma.o
 .debug_aranges
                0x00000398       0x18 ./source/mtb.o
 .debug_aranges
                0x000003b0       0x30 ./source/pwm_LED.o
 .debug_aranges
                0x000003e0       0x20 ./source/semihost_hardfault.o
 .debug_aranges
                0x00000400       0x40 ./source/statemachine.o
 .debug_aranges
                0x00000440       0x40 ./source/switch.o
 .debug_aranges
                0x00000480       0x28 ./source/sysclock.o
 .debug_aranges
                0x000004a8       0x38 ./source/test.o
 .debug_aranges
                0x000004e0       0x38 ./drivers/fsl_common.o
 .debug_aranges
                0x00000518      0x118 ./drivers/fsl_lpsci.o
 .debug_aranges
                0x00000630      0x130 ./drivers/fsl_uart.o
 .debug_aranges
                0x00000760       0x28 ./CMSIS/system_MKL25Z4.o

.debug_ranges   0x00000000      0x640
 .debug_ranges  0x00000000       0x80 ./utilities/fsl_debug_console.o
 .debug_ranges  0x00000080      0x150 ./startup/startup_mkl25z4.o
 .debug_ranges  0x000001d0       0x18 ./source/Touch.o
 .debug_ranges  0x000001e8       0x40 ./source/UART.o
 .debug_ranges  0x00000228       0x48 ./source/cbfifo.o
 .debug_ranges  0x00000270       0x48 ./source/i2c.o
 .debug_ranges  0x000002b8       0x18 ./source/line_accumulator.o
 .debug_ranges  0x000002d0       0x10 ./source/main.o
 .debug_ranges  0x000002e0       0x28 ./source/mma.o
 .debug_ranges  0x00000308       0x20 ./source/pwm_LED.o
 .debug_ranges  0x00000328       0x10 ./source/semihost_hardfault.o
 .debug_ranges  0x00000338       0x30 ./source/statemachine.o
 .debug_ranges  0x00000368       0x30 ./source/switch.o
 .debug_ranges  0x00000398       0x18 ./source/sysclock.o
 .debug_ranges  0x000003b0       0x28 ./source/test.o
 .debug_ranges  0x000003d8       0x28 ./drivers/fsl_common.o
 .debug_ranges  0x00000400      0x108 ./drivers/fsl_lpsci.o
 .debug_ranges  0x00000508      0x120 ./drivers/fsl_uart.o
 .debug_ranges  0x00000628       0x18 ./CMSIS/system_MKL25Z4.o

.debug_macro    0x00000000     0xe426
 .debug_macro   0x00000000      0x127 ./utilities/fsl_debug_console.o
 .debug_macro   0x00000127      0xa84 ./utilities/fsl_debug_console.o
 .debug_macro   0x00000bab       0x10 ./utilities/fsl_debug_console.o
 .debug_macro   0x00000bbb       0x16 ./utilities/fsl_debug_console.o
 .debug_macro   0x00000bd1       0x10 ./utilities/fsl_debug_console.o
 .debug_macro   0x00000be1      0x12e ./utilities/fsl_debug_console.o
 .debug_macro   0x00000d0f       0x28 ./utilities/fsl_debug_console.o
 .debug_macro   0x00000d37       0xc4 ./utilities/fsl_debug_console.o
 .debug_macro   0x00000dfb       0x16 ./utilities/fsl_debug_console.o
 .debug_macro   0x00000e11       0x22 ./utilities/fsl_debug_console.o
 .debug_macro   0x00000e33      0x5b3 ./utilities/fsl_debug_console.o
 .debug_macro   0x000013e6       0x10 ./utilities/fsl_debug_console.o
 .debug_macro   0x000013f6       0x3f ./utilities/fsl_debug_console.o
 .debug_macro   0x00001435       0x3a ./utilities/fsl_debug_console.o
 .debug_macro   0x0000146f       0x26 ./utilities/fsl_debug_console.o
 .debug_macro   0x00001495      0x329 ./utilities/fsl_debug_console.o
 .debug_macro   0x000017be       0x30 ./utilities/fsl_debug_console.o
 .debug_macro   0x000017ee     0x51e2 ./utilities/fsl_debug_console.o
 .debug_macro   0x000069d0     0x1352 ./utilities/fsl_debug_console.o
 .debug_macro   0x00007d22       0x3a ./utilities/fsl_debug_console.o
 .debug_macro   0x00007d5c       0xf4 ./utilities/fsl_debug_console.o
 .debug_macro   0x00007e50       0x35 ./utilities/fsl_debug_console.o
 .debug_macro   0x00007e85       0x2e ./utilities/fsl_debug_console.o
 .debug_macro   0x00007eb3       0x10 ./utilities/fsl_debug_console.o
 .debug_macro   0x00007ec3       0x10 ./utilities/fsl_debug_console.o
 .debug_macro   0x00007ed3       0x29 ./startup/startup_mkl25z4.o
 .debug_macro   0x00007efc       0xb1 ./source/Touch.o
 .debug_macro   0x00007fad       0xd8 ./source/Touch.o
 .debug_macro   0x00008085       0x34 ./source/Touch.o
 .debug_macro   0x000080b9       0xe1 ./source/UART.o
 .debug_macro   0x0000819a       0x22 ./source/UART.o
 .debug_macro   0x000081bc       0xd9 ./source/cbfifo.o
 .debug_macro   0x00008295       0xd2 ./source/cbfifo.o
 .debug_macro   0x00008367       0xce ./source/i2c.o
 .debug_macro   0x00008435       0x3f ./source/i2c.o
 .debug_macro   0x00008474     0x51e2 ./source/i2c.o
 .debug_macro   0x0000d656       0xa6 ./source/line_accumulator.o
 .debug_macro   0x0000d6fc       0x10 ./source/line_accumulator.o
 .debug_macro   0x0000d70c       0x1c ./source/line_accumulator.o
 .debug_macro   0x0000d728      0x11c ./source/main.o
 .debug_macro   0x0000d844       0x10 ./source/main.o
 .debug_macro   0x0000d854      0x11b ./source/mma.o
 .debug_macro   0x0000d96f       0x2f ./source/mtb.o
 .debug_macro   0x0000d99e       0x82 ./source/mtb.o
 .debug_macro   0x0000da20       0x10 ./source/mtb.o
 .debug_macro   0x0000da30      0x15d ./source/pwm_LED.o
 .debug_macro   0x0000db8d       0x16 ./source/pwm_LED.o
 .debug_macro   0x0000dba3       0x10 ./source/pwm_LED.o
 .debug_macro   0x0000dbb3      0x112 ./source/pwm_LED.o
 .debug_macro   0x0000dcc5       0x34 ./source/pwm_LED.o
 .debug_macro   0x0000dcf9       0x11 ./source/semihost_hardfault.o
 .debug_macro   0x0000dd0a      0x145 ./source/statemachine.o
 .debug_macro   0x0000de4f       0x9e ./source/switch.o
 .debug_macro   0x0000deed       0xd5 ./source/sysclock.o
 .debug_macro   0x0000dfc2      0x103 ./source/test.o
 .debug_macro   0x0000e0c5       0xef ./drivers/fsl_common.o
 .debug_macro   0x0000e1b4       0xec ./drivers/fsl_lpsci.o
 .debug_macro   0x0000e2a0       0xf2 ./drivers/fsl_uart.o
 .debug_macro   0x0000e392       0x94 ./CMSIS/system_MKL25Z4.o

.debug_line     0x00000000     0x6084
 .debug_line    0x00000000      0xc57 ./utilities/fsl_debug_console.o
 .debug_line    0x00000c57      0x1ed ./startup/startup_mkl25z4.o
 .debug_line    0x00000e44      0x263 ./source/Touch.o
 .debug_line    0x000010a7      0x442 ./source/UART.o
 .debug_line    0x000014e9      0x439 ./source/cbfifo.o
 .debug_line    0x00001922      0x3b2 ./source/i2c.o
 .debug_line    0x00001cd4      0x25f ./source/line_accumulator.o
 .debug_line    0x00001f33      0x2e8 ./source/main.o
 .debug_line    0x0000221b      0x3be ./source/mma.o
 .debug_line    0x000025d9       0xd1 ./source/mtb.o
 .debug_line    0x000026aa      0x404 ./source/pwm_LED.o
 .debug_line    0x00002aae       0x59 ./source/semihost_hardfault.o
 .debug_line    0x00002b07      0x461 ./source/statemachine.o
 .debug_line    0x00002f68      0x339 ./source/switch.o
 .debug_line    0x000032a1      0x288 ./source/sysclock.o
 .debug_line    0x00003529      0x9a3 ./source/test.o
 .debug_line    0x00003ecc      0x3e4 ./drivers/fsl_common.o
 .debug_line    0x000042b0      0xd59 ./drivers/fsl_lpsci.o
 .debug_line    0x00005009      0xd48 ./drivers/fsl_uart.o
 .debug_line    0x00005d51      0x333 ./CMSIS/system_MKL25Z4.o

.debug_str      0x00000000    0x34aa8
 .debug_str     0x00000000    0x31377 ./utilities/fsl_debug_console.o
                              0x3161b (size before relaxing)
 .debug_str     0x00031377      0x3cd ./startup/startup_mkl25z4.o
                               0x30b9 (size before relaxing)
 .debug_str     0x00031744      0x406 ./source/Touch.o
                              0x29019 (size before relaxing)
 .debug_str     0x00031b4a      0x33d ./source/UART.o
                              0x29408 (size before relaxing)
 .debug_str     0x00031e87       0xb5 ./source/cbfifo.o
                              0x2909b (size before relaxing)
 .debug_str     0x00031f3c      0x214 ./source/i2c.o
                              0x28ef5 (size before relaxing)
 .debug_str     0x00032150      0x180 ./source/line_accumulator.o
                               0x48e1 (size before relaxing)
 .debug_str     0x000322d0       0x31 ./source/main.o
                              0x2906d (size before relaxing)
 .debug_str     0x00032301       0xfa ./source/mma.o
                              0x2954e (size before relaxing)
 .debug_str     0x000323fb      0x532 ./source/mtb.o
                               0x31d9 (size before relaxing)
 .debug_str     0x0003292d      0xa9b ./source/pwm_LED.o
                              0x312bc (size before relaxing)
 .debug_str     0x000333c8       0x1f ./source/semihost_hardfault.o
                               0x2cc6 (size before relaxing)
 .debug_str     0x000333e7      0x10c ./source/statemachine.o
                              0x29197 (size before relaxing)
 .debug_str     0x000334f3       0x81 ./source/switch.o
                              0x29037 (size before relaxing)
 .debug_str     0x00033574       0x68 ./source/sysclock.o
                              0x29029 (size before relaxing)
 .debug_str     0x000335dc       0x5c ./source/test.o
                              0x29119 (size before relaxing)
 .debug_str     0x00033638       0xe1 ./drivers/fsl_common.o
                              0x3075c (size before relaxing)
 .debug_str     0x00033719      0xafe ./drivers/fsl_lpsci.o
                              0x3177d (size before relaxing)
 .debug_str     0x00034217      0x832 ./drivers/fsl_uart.o
                              0x317a0 (size before relaxing)
 .debug_str     0x00034a49       0x5f ./CMSIS/system_MKL25Z4.o
                              0x2fb08 (size before relaxing)

.comment        0x00000000       0x49
 .comment       0x00000000       0x49 ./utilities/fsl_debug_console.o
                                 0x4a (size before relaxing)
 .comment       0x00000049       0x4a ./startup/startup_mkl25z4.o
 .comment       0x00000049       0x4a ./source/Touch.o
 .comment       0x00000049       0x4a ./source/UART.o
 .comment       0x00000049       0x4a ./source/cbfifo.o
 .comment       0x00000049       0x4a ./source/i2c.o
 .comment       0x00000049       0x4a ./source/line_accumulator.o
 .comment       0x00000049       0x4a ./source/main.o
 .comment       0x00000049       0x4a ./source/mma.o
 .comment       0x00000049       0x4a ./source/mtb.o
 .comment       0x00000049       0x4a ./source/pwm_LED.o
 .comment       0x00000049       0x4a ./source/semihost_hardfault.o
 .comment       0x00000049       0x4a ./source/statemachine.o
 .comment       0x00000049       0x4a ./source/switch.o
 .comment       0x00000049       0x4a ./source/sysclock.o
 .comment       0x00000049       0x4a ./source/test.o
 .comment       0x00000049       0x4a ./drivers/fsl_common.o
 .comment       0x00000049       0x4a ./drivers/fsl_lpsci.o
 .comment       0x00000049       0x4a ./drivers/fsl_uart.o
 .comment       0x00000049       0x4a ./CMSIS/system_MKL25Z4.o
 .comment       0x00000049       0x4a c:/nxp/mcuxpressoide_11.6.0_8187/ide/plugins/com.nxp.mcuxpresso.tools.win32_11.6.0.202112161359/tools/bin/../lib/gcc/arm-none-eabi/10.3.1/../../../../arm-none-eabi/lib/thumb/v6-m/nofp\libcr_nohost_nf.a(__ciob.o)
 .comment       0x00000049       0x4a c:/nxp/mcuxpressoide_11.6.0_8187/ide/plugins/com.nxp.mcuxpresso.tools.win32_11.6.0.202112161359/tools/bin/../lib/gcc/arm-none-eabi/10.3.1/../../../../arm-none-eabi/lib/thumb/v6-m/nofp\libcr_nohost_nf.a(_cr__main.o)
 .comment       0x00000049       0x4a c:/nxp/mcuxpressoide_11.6.0_8187/ide/plugins/com.nxp.mcuxpresso.tools.win32_11.6.0.202112161359/tools/bin/../lib/gcc/arm-none-eabi/10.3.1/../../../../arm-none-eabi/lib/thumb/v6-m/nofp\libcr_c.a(memcpy.o)
 .comment       0x00000049       0x4a c:/nxp/mcuxpressoide_11.6.0_8187/ide/plugins/com.nxp.mcuxpresso.tools.win32_11.6.0.202112161359/tools/bin/../lib/gcc/arm-none-eabi/10.3.1/../../../../arm-none-eabi/lib/thumb/v6-m/nofp\libcr_c.a(memset.o)
 .comment       0x00000049       0x4a c:/nxp/mcuxpressoide_11.6.0_8187/ide/plugins/com.nxp.mcuxpresso.tools.win32_11.6.0.202112161359/tools/bin/../lib/gcc/arm-none-eabi/10.3.1/../../../../arm-none-eabi/lib/thumb/v6-m/nofp\libcr_c.a(_deferredlazyseek.o)
 .comment       0x00000049       0x4a c:/nxp/mcuxpressoide_11.6.0_8187/ide/plugins/com.nxp.mcuxpresso.tools.win32_11.6.0.202112161359/tools/bin/../lib/gcc/arm-none-eabi/10.3.1/../../../../arm-none-eabi/lib/thumb/v6-m/nofp\libcr_c.a(_fflush.o)
 .comment       0x00000049       0x4a c:/nxp/mcuxpressoide_11.6.0_8187/ide/plugins/com.nxp.mcuxpresso.tools.win32_11.6.0.202112161359/tools/bin/../lib/gcc/arm-none-eabi/10.3.1/../../../../arm-none-eabi/lib/thumb/v6-m/nofp\libcr_c.a(_writebuf.o)
 .comment       0x00000049       0x4a c:/nxp/mcuxpressoide_11.6.0_8187/ide/plugins/com.nxp.mcuxpresso.tools.win32_11.6.0.202112161359/tools/bin/../lib/gcc/arm-none-eabi/10.3.1/../../../../arm-none-eabi/lib/thumb/v6-m/nofp\libcr_c.a(acos.o)
 .comment       0x00000049       0x4a c:/nxp/mcuxpressoide_11.6.0_8187/ide/plugins/com.nxp.mcuxpresso.tools.win32_11.6.0.202112161359/tools/bin/../lib/gcc/arm-none-eabi/10.3.1/../../../../arm-none-eabi/lib/thumb/v6-m/nofp\libcr_c.a(alloc.o)
 .comment       0x00000049       0x4a c:/nxp/mcuxpressoide_11.6.0_8187/ide/plugins/com.nxp.mcuxpresso.tools.win32_11.6.0.202112161359/tools/bin/../lib/gcc/arm-none-eabi/10.3.1/../../../../arm-none-eabi/lib/thumb/v6-m/nofp\libcr_c.a(atan2.o)
 .comment       0x00000049       0x4a c:/nxp/mcuxpressoide_11.6.0_8187/ide/plugins/com.nxp.mcuxpresso.tools.win32_11.6.0.202112161359/tools/bin/../lib/gcc/arm-none-eabi/10.3.1/../../../../arm-none-eabi/lib/thumb/v6-m/nofp\libcr_c.a(errno.o)
 .comment       0x00000049       0x4a c:/nxp/mcuxpressoide_11.6.0_8187/ide/plugins/com.nxp.mcuxpresso.tools.win32_11.6.0.202112161359/tools/bin/../lib/gcc/arm-none-eabi/10.3.1/../../../../arm-none-eabi/lib/thumb/v6-m/nofp\libcr_c.a(fabs.o)
 .comment       0x00000049       0x4a c:/nxp/mcuxpressoide_11.6.0_8187/ide/plugins/com.nxp.mcuxpresso.tools.win32_11.6.0.202112161359/tools/bin/../lib/gcc/arm-none-eabi/10.3.1/../../../../arm-none-eabi/lib/thumb/v6-m/nofp\libcr_c.a(fseek.o)
 .comment       0x00000049       0x4a c:/nxp/mcuxpressoide_11.6.0_8187/ide/plugins/com.nxp.mcuxpresso.tools.win32_11.6.0.202112161359/tools/bin/../lib/gcc/arm-none-eabi/10.3.1/../../../../arm-none-eabi/lib/thumb/v6-m/nofp\libcr_c.a(ftell.o)
 .comment       0x00000049       0x4a c:/nxp/mcuxpressoide_11.6.0_8187/ide/plugins/com.nxp.mcuxpresso.tools.win32_11.6.0.202112161359/tools/bin/../lib/gcc/arm-none-eabi/10.3.1/../../../../arm-none-eabi/lib/thumb/v6-m/nofp\libcr_c.a(initio.o)
 .comment       0x00000049       0x4a c:/nxp/mcuxpressoide_11.6.0_8187/ide/plugins/com.nxp.mcuxpresso.tools.win32_11.6.0.202112161359/tools/bin/../lib/gcc/arm-none-eabi/10.3.1/../../../../arm-none-eabi/lib/thumb/v6-m/nofp\libcr_c.a(printf.o)
 .comment       0x00000049       0x4a c:/nxp/mcuxpressoide_11.6.0_8187/ide/plugins/com.nxp.mcuxpresso.tools.win32_11.6.0.202112161359/tools/bin/../lib/gcc/arm-none-eabi/10.3.1/../../../../arm-none-eabi/lib/thumb/v6-m/nofp\libcr_c.a(scanf.o)
 .comment       0x00000049       0x4a c:/nxp/mcuxpressoide_11.6.0_8187/ide/plugins/com.nxp.mcuxpresso.tools.win32_11.6.0.202112161359/tools/bin/../lib/gcc/arm-none-eabi/10.3.1/../../../../arm-none-eabi/lib/thumb/v6-m/nofp\libcr_c.a(setvbuf.o)
 .comment       0x00000049       0x4a c:/nxp/mcuxpressoide_11.6.0_8187/ide/plugins/com.nxp.mcuxpresso.tools.win32_11.6.0.202112161359/tools/bin/../lib/gcc/arm-none-eabi/10.3.1/../../../../arm-none-eabi/lib/thumb/v6-m/nofp\libcr_c.a(sqrt.o)
 .comment       0x00000049       0x4a c:/nxp/mcuxpressoide_11.6.0_8187/ide/plugins/com.nxp.mcuxpresso.tools.win32_11.6.0.202112161359/tools/bin/../lib/gcc/arm-none-eabi/10.3.1/../../../../arm-none-eabi/lib/thumb/v6-m/nofp\libcr_c.a(strlen.o)
 .comment       0x00000049       0x4a c:/nxp/mcuxpressoide_11.6.0_8187/ide/plugins/com.nxp.mcuxpresso.tools.win32_11.6.0.202112161359/tools/bin/../lib/gcc/arm-none-eabi/10.3.1/../../../../arm-none-eabi/lib/thumb/v6-m/nofp\libcr_c.a(strncmp.o)
 .comment       0x00000049       0x4a c:/nxp/mcuxpressoide_11.6.0_8187/ide/plugins/com.nxp.mcuxpresso.tools.win32_11.6.0.202112161359/tools/bin/../lib/gcc/arm-none-eabi/10.3.1/../../../../arm-none-eabi/lib/thumb/v6-m/nofp\libcr_c.a(__init_alloc.o)
 .comment       0x00000049       0x4a c:/nxp/mcuxpressoide_11.6.0_8187/ide/plugins/com.nxp.mcuxpresso.tools.win32_11.6.0.202112161359/tools/bin/../lib/gcc/arm-none-eabi/10.3.1/../../../../arm-none-eabi/lib/thumb/v6-m/nofp\libcr_c.a(_asinacos.o)
 .comment       0x00000049       0x4a c:/nxp/mcuxpressoide_11.6.0_8187/ide/plugins/com.nxp.mcuxpresso.tools.win32_11.6.0.202112161359/tools/bin/../lib/gcc/arm-none-eabi/10.3.1/../../../../arm-none-eabi/lib/thumb/v6-m/nofp\libcr_c.a(_cr_sbrk.o)
 .comment       0x00000049       0x4a c:/nxp/mcuxpressoide_11.6.0_8187/ide/plugins/com.nxp.mcuxpresso.tools.win32_11.6.0.202112161359/tools/bin/../lib/gcc/arm-none-eabi/10.3.1/../../../../arm-none-eabi/lib/thumb/v6-m/nofp\libcr_c.a(_fdopen.o)
 .comment       0x00000049       0x4a c:/nxp/mcuxpressoide_11.6.0_8187/ide/plugins/com.nxp.mcuxpresso.tools.win32_11.6.0.202112161359/tools/bin/../lib/gcc/arm-none-eabi/10.3.1/../../../../arm-none-eabi/lib/thumb/v6-m/nofp\libcr_c.a(atan.o)
 .comment       0x00000049       0x4a c:/nxp/mcuxpressoide_11.6.0_8187/ide/plugins/com.nxp.mcuxpresso.tools.win32_11.6.0.202112161359/tools/bin/../lib/gcc/arm-none-eabi/10.3.1/../../../../arm-none-eabi/lib/thumb/v6-m/nofp\libcr_c.a(ctype.o)
 .comment       0x00000049       0x4a c:/nxp/mcuxpressoide_11.6.0_8187/ide/plugins/com.nxp.mcuxpresso.tools.win32_11.6.0.202112161359/tools/bin/../lib/gcc/arm-none-eabi/10.3.1/../../../../arm-none-eabi/lib/thumb/v6-m/nofp\libcr_c.a(fclose.o)
 .comment       0x00000049       0x4a c:/nxp/mcuxpressoide_11.6.0_8187/ide/plugins/com.nxp.mcuxpresso.tools.win32_11.6.0.202112161359/tools/bin/../lib/gcc/arm-none-eabi/10.3.1/../../../../arm-none-eabi/lib/thumb/v6-m/nofp\libcr_c.a(fflush.o)
 .comment       0x00000049       0x4a c:/nxp/mcuxpressoide_11.6.0_8187/ide/plugins/com.nxp.mcuxpresso.tools.win32_11.6.0.202112161359/tools/bin/../lib/gcc/arm-none-eabi/10.3.1/../../../../arm-none-eabi/lib/thumb/v6-m/nofp\libcr_c.a(remove.o)
 .comment       0x00000049       0x4a c:/nxp/mcuxpressoide_11.6.0_8187/ide/plugins/com.nxp.mcuxpresso.tools.win32_11.6.0.202112161359/tools/bin/../lib/gcc/arm-none-eabi/10.3.1/../../../../arm-none-eabi/lib/thumb/v6-m/nofp\libcr_c.a(_cr_check_heap.o)
 .comment       0x00000049       0x4a c:/nxp/mcuxpressoide_11.6.0_8187/ide/plugins/com.nxp.mcuxpresso.tools.win32_11.6.0.202112161359/tools/bin/../lib/gcc/arm-none-eabi/10.3.1/../../../../arm-none-eabi/lib/thumb/v6-m/nofp\libcr_c.a(_do_fflush.o)
 .comment       0x00000049       0x4a c:/nxp/mcuxpressoide_11.6.0_8187/ide/plugins/com.nxp.mcuxpresso.tools.win32_11.6.0.202112161359/tools/bin/../lib/gcc/arm-none-eabi/10.3.1/thumb/v6-m/nofp\libcr_eabihelpers.a(double.o)
 .comment       0x00000049       0x4a c:/nxp/mcuxpressoide_11.6.0_8187/ide/plugins/com.nxp.mcuxpresso.tools.win32_11.6.0.202112161359/tools/bin/../lib/gcc/arm-none-eabi/10.3.1/thumb/v6-m/nofp\libcr_eabihelpers.a(float.o)
 .comment       0x00000049       0x4a c:/nxp/mcuxpressoide_11.6.0_8187/ide/plugins/com.nxp.mcuxpresso.tools.win32_11.6.0.202112161359/tools/bin/../lib/gcc/arm-none-eabi/10.3.1/../../../../arm-none-eabi/lib/thumb/v6-m/nofp\libcr_nohost_nf.a(__sys_appexit.o)
 .comment       0x00000049       0x4a c:/nxp/mcuxpressoide_11.6.0_8187/ide/plugins/com.nxp.mcuxpresso.tools.win32_11.6.0.202112161359/tools/bin/../lib/gcc/arm-none-eabi/10.3.1/../../../../arm-none-eabi/lib/thumb/v6-m/nofp\libcr_nohost_nf.a(__sys_close.o)
 .comment       0x00000049       0x4a c:/nxp/mcuxpressoide_11.6.0_8187/ide/plugins/com.nxp.mcuxpresso.tools.win32_11.6.0.202112161359/tools/bin/../lib/gcc/arm-none-eabi/10.3.1/../../../../arm-none-eabi/lib/thumb/v6-m/nofp\libcr_nohost_nf.a(__sys_flen.o)
 .comment       0x00000049       0x4a c:/nxp/mcuxpressoide_11.6.0_8187/ide/plugins/com.nxp.mcuxpresso.tools.win32_11.6.0.202112161359/tools/bin/../lib/gcc/arm-none-eabi/10.3.1/../../../../arm-none-eabi/lib/thumb/v6-m/nofp\libcr_nohost_nf.a(__sys_istty.o)
 .comment       0x00000049       0x4a c:/nxp/mcuxpressoide_11.6.0_8187/ide/plugins/com.nxp.mcuxpresso.tools.win32_11.6.0.202112161359/tools/bin/../lib/gcc/arm-none-eabi/10.3.1/../../../../arm-none-eabi/lib/thumb/v6-m/nofp\libcr_nohost_nf.a(__sys_remove.o)
 .comment       0x00000049       0x4a c:/nxp/mcuxpressoide_11.6.0_8187/ide/plugins/com.nxp.mcuxpresso.tools.win32_11.6.0.202112161359/tools/bin/../lib/gcc/arm-none-eabi/10.3.1/../../../../arm-none-eabi/lib/thumb/v6-m/nofp\libcr_nohost_nf.a(__sys_seek.o)
 .comment       0x00000049       0x4a c:/nxp/mcuxpressoide_11.6.0_8187/ide/plugins/com.nxp.mcuxpresso.tools.win32_11.6.0.202112161359/tools/bin/../lib/gcc/arm-none-eabi/10.3.1/../../../../arm-none-eabi/lib/thumb/v6-m/nofp\libcr_nohost_nf.a(__sys_tmpnam.o)

.ARM.attributes
                0x00000000       0x2a
 .ARM.attributes
                0x00000000       0x2c ./utilities/fsl_debug_console.o
 .ARM.attributes
                0x0000002c       0x2c ./startup/startup_mkl25z4.o
 .ARM.attributes
                0x00000058       0x2c ./source/Touch.o
 .ARM.attributes
                0x00000084       0x2c ./source/UART.o
 .ARM.attributes
                0x000000b0       0x2c ./source/cbfifo.o
 .ARM.attributes
                0x000000dc       0x2c ./source/i2c.o
 .ARM.attributes
                0x00000108       0x2c ./source/line_accumulator.o
 .ARM.attributes
                0x00000134       0x2c ./source/main.o
 .ARM.attributes
                0x00000160       0x2c ./source/mma.o
 .ARM.attributes
                0x0000018c       0x2c ./source/mtb.o
 .ARM.attributes
                0x000001b8       0x2c ./source/pwm_LED.o
 .ARM.attributes
                0x000001e4       0x2c ./source/semihost_hardfault.o
 .ARM.attributes
                0x00000210       0x2c ./source/statemachine.o
 .ARM.attributes
                0x0000023c       0x2c ./source/switch.o
 .ARM.attributes
                0x00000268       0x2c ./source/sysclock.o
 .ARM.attributes
                0x00000294       0x2c ./source/test.o
 .ARM.attributes
                0x000002c0       0x2c ./drivers/fsl_common.o
 .ARM.attributes
                0x000002ec       0x2c ./drivers/fsl_lpsci.o
 .ARM.attributes
                0x00000318       0x2c ./drivers/fsl_uart.o
 .ARM.attributes
                0x00000344       0x2c ./CMSIS/system_MKL25Z4.o
 .ARM.attributes
                0x00000370       0x2c c:/nxp/mcuxpressoide_11.6.0_8187/ide/plugins/com.nxp.mcuxpresso.tools.win32_11.6.0.202112161359/tools/bin/../lib/gcc/arm-none-eabi/10.3.1/../../../../arm-none-eabi/lib/thumb/v6-m/nofp\libcr_nohost_nf.a(__ciob.o)
 .ARM.attributes
                0x0000039c       0x2c c:/nxp/mcuxpressoide_11.6.0_8187/ide/plugins/com.nxp.mcuxpresso.tools.win32_11.6.0.202112161359/tools/bin/../lib/gcc/arm-none-eabi/10.3.1/../../../../arm-none-eabi/lib/thumb/v6-m/nofp\libcr_nohost_nf.a(_cr__main.o)
 .ARM.attributes
                0x000003c8       0x2c c:/nxp/mcuxpressoide_11.6.0_8187/ide/plugins/com.nxp.mcuxpresso.tools.win32_11.6.0.202112161359/tools/bin/../lib/gcc/arm-none-eabi/10.3.1/../../../../arm-none-eabi/lib/thumb/v6-m/nofp\libcr_c.a(memcpy.o)
 .ARM.attributes
                0x000003f4       0x2c c:/nxp/mcuxpressoide_11.6.0_8187/ide/plugins/com.nxp.mcuxpresso.tools.win32_11.6.0.202112161359/tools/bin/../lib/gcc/arm-none-eabi/10.3.1/../../../../arm-none-eabi/lib/thumb/v6-m/nofp\libcr_c.a(memset.o)
 .ARM.attributes
                0x00000420       0x2c c:/nxp/mcuxpressoide_11.6.0_8187/ide/plugins/com.nxp.mcuxpresso.tools.win32_11.6.0.202112161359/tools/bin/../lib/gcc/arm-none-eabi/10.3.1/../../../../arm-none-eabi/lib/thumb/v6-m/nofp\libcr_c.a(_deferredlazyseek.o)
 .ARM.attributes
                0x0000044c       0x2c c:/nxp/mcuxpressoide_11.6.0_8187/ide/plugins/com.nxp.mcuxpresso.tools.win32_11.6.0.202112161359/tools/bin/../lib/gcc/arm-none-eabi/10.3.1/../../../../arm-none-eabi/lib/thumb/v6-m/nofp\libcr_c.a(_fflush.o)
 .ARM.attributes
                0x00000478       0x2c c:/nxp/mcuxpressoide_11.6.0_8187/ide/plugins/com.nxp.mcuxpresso.tools.win32_11.6.0.202112161359/tools/bin/../lib/gcc/arm-none-eabi/10.3.1/../../../../arm-none-eabi/lib/thumb/v6-m/nofp\libcr_c.a(_writebuf.o)
 .ARM.attributes
                0x000004a4       0x2c c:/nxp/mcuxpressoide_11.6.0_8187/ide/plugins/com.nxp.mcuxpresso.tools.win32_11.6.0.202112161359/tools/bin/../lib/gcc/arm-none-eabi/10.3.1/../../../../arm-none-eabi/lib/thumb/v6-m/nofp\libcr_c.a(acos.o)
 .ARM.attributes
                0x000004d0       0x2c c:/nxp/mcuxpressoide_11.6.0_8187/ide/plugins/com.nxp.mcuxpresso.tools.win32_11.6.0.202112161359/tools/bin/../lib/gcc/arm-none-eabi/10.3.1/../../../../arm-none-eabi/lib/thumb/v6-m/nofp\libcr_c.a(alloc.o)
 .ARM.attributes
                0x000004fc       0x2c c:/nxp/mcuxpressoide_11.6.0_8187/ide/plugins/com.nxp.mcuxpresso.tools.win32_11.6.0.202112161359/tools/bin/../lib/gcc/arm-none-eabi/10.3.1/../../../../arm-none-eabi/lib/thumb/v6-m/nofp\libcr_c.a(atan2.o)
 .ARM.attributes
                0x00000528       0x2c c:/nxp/mcuxpressoide_11.6.0_8187/ide/plugins/com.nxp.mcuxpresso.tools.win32_11.6.0.202112161359/tools/bin/../lib/gcc/arm-none-eabi/10.3.1/../../../../arm-none-eabi/lib/thumb/v6-m/nofp\libcr_c.a(errno.o)
 .ARM.attributes
                0x00000554       0x2c c:/nxp/mcuxpressoide_11.6.0_8187/ide/plugins/com.nxp.mcuxpresso.tools.win32_11.6.0.202112161359/tools/bin/../lib/gcc/arm-none-eabi/10.3.1/../../../../arm-none-eabi/lib/thumb/v6-m/nofp\libcr_c.a(fabs.o)
 .ARM.attributes
                0x00000580       0x2c c:/nxp/mcuxpressoide_11.6.0_8187/ide/plugins/com.nxp.mcuxpresso.tools.win32_11.6.0.202112161359/tools/bin/../lib/gcc/arm-none-eabi/10.3.1/../../../../arm-none-eabi/lib/thumb/v6-m/nofp\libcr_c.a(fseek.o)
 .ARM.attributes
                0x000005ac       0x2c c:/nxp/mcuxpressoide_11.6.0_8187/ide/plugins/com.nxp.mcuxpresso.tools.win32_11.6.0.202112161359/tools/bin/../lib/gcc/arm-none-eabi/10.3.1/../../../../arm-none-eabi/lib/thumb/v6-m/nofp\libcr_c.a(ftell.o)
 .ARM.attributes
                0x000005d8       0x2c c:/nxp/mcuxpressoide_11.6.0_8187/ide/plugins/com.nxp.mcuxpresso.tools.win32_11.6.0.202112161359/tools/bin/../lib/gcc/arm-none-eabi/10.3.1/../../../../arm-none-eabi/lib/thumb/v6-m/nofp\libcr_c.a(initio.o)
 .ARM.attributes
                0x00000604       0x2c c:/nxp/mcuxpressoide_11.6.0_8187/ide/plugins/com.nxp.mcuxpresso.tools.win32_11.6.0.202112161359/tools/bin/../lib/gcc/arm-none-eabi/10.3.1/../../../../arm-none-eabi/lib/thumb/v6-m/nofp\libcr_c.a(printf.o)
 .ARM.attributes
                0x00000630       0x2c c:/nxp/mcuxpressoide_11.6.0_8187/ide/plugins/com.nxp.mcuxpresso.tools.win32_11.6.0.202112161359/tools/bin/../lib/gcc/arm-none-eabi/10.3.1/../../../../arm-none-eabi/lib/thumb/v6-m/nofp\libcr_c.a(scanf.o)
 .ARM.attributes
                0x0000065c       0x2c c:/nxp/mcuxpressoide_11.6.0_8187/ide/plugins/com.nxp.mcuxpresso.tools.win32_11.6.0.202112161359/tools/bin/../lib/gcc/arm-none-eabi/10.3.1/../../../../arm-none-eabi/lib/thumb/v6-m/nofp\libcr_c.a(setvbuf.o)
 .ARM.attributes
                0x00000688       0x2c c:/nxp/mcuxpressoide_11.6.0_8187/ide/plugins/com.nxp.mcuxpresso.tools.win32_11.6.0.202112161359/tools/bin/../lib/gcc/arm-none-eabi/10.3.1/../../../../arm-none-eabi/lib/thumb/v6-m/nofp\libcr_c.a(sqrt.o)
 .ARM.attributes
                0x000006b4       0x2c c:/nxp/mcuxpressoide_11.6.0_8187/ide/plugins/com.nxp.mcuxpresso.tools.win32_11.6.0.202112161359/tools/bin/../lib/gcc/arm-none-eabi/10.3.1/../../../../arm-none-eabi/lib/thumb/v6-m/nofp\libcr_c.a(strlen.o)
 .ARM.attributes
                0x000006e0       0x2c c:/nxp/mcuxpressoide_11.6.0_8187/ide/plugins/com.nxp.mcuxpresso.tools.win32_11.6.0.202112161359/tools/bin/../lib/gcc/arm-none-eabi/10.3.1/../../../../arm-none-eabi/lib/thumb/v6-m/nofp\libcr_c.a(strncmp.o)
 .ARM.attributes
                0x0000070c       0x2c c:/nxp/mcuxpressoide_11.6.0_8187/ide/plugins/com.nxp.mcuxpresso.tools.win32_11.6.0.202112161359/tools/bin/../lib/gcc/arm-none-eabi/10.3.1/../../../../arm-none-eabi/lib/thumb/v6-m/nofp\libcr_c.a(__init_alloc.o)
 .ARM.attributes
                0x00000738       0x2c c:/nxp/mcuxpressoide_11.6.0_8187/ide/plugins/com.nxp.mcuxpresso.tools.win32_11.6.0.202112161359/tools/bin/../lib/gcc/arm-none-eabi/10.3.1/../../../../arm-none-eabi/lib/thumb/v6-m/nofp\libcr_c.a(_asinacos.o)
 .ARM.attributes
                0x00000764       0x2c c:/nxp/mcuxpressoide_11.6.0_8187/ide/plugins/com.nxp.mcuxpresso.tools.win32_11.6.0.202112161359/tools/bin/../lib/gcc/arm-none-eabi/10.3.1/../../../../arm-none-eabi/lib/thumb/v6-m/nofp\libcr_c.a(_cr_sbrk.o)
 .ARM.attributes
                0x00000790       0x2c c:/nxp/mcuxpressoide_11.6.0_8187/ide/plugins/com.nxp.mcuxpresso.tools.win32_11.6.0.202112161359/tools/bin/../lib/gcc/arm-none-eabi/10.3.1/../../../../arm-none-eabi/lib/thumb/v6-m/nofp\libcr_c.a(_fdopen.o)
 .ARM.attributes
                0x000007bc       0x2c c:/nxp/mcuxpressoide_11.6.0_8187/ide/plugins/com.nxp.mcuxpresso.tools.win32_11.6.0.202112161359/tools/bin/../lib/gcc/arm-none-eabi/10.3.1/../../../../arm-none-eabi/lib/thumb/v6-m/nofp\libcr_c.a(atan.o)
 .ARM.attributes
                0x000007e8       0x2c c:/nxp/mcuxpressoide_11.6.0_8187/ide/plugins/com.nxp.mcuxpresso.tools.win32_11.6.0.202112161359/tools/bin/../lib/gcc/arm-none-eabi/10.3.1/../../../../arm-none-eabi/lib/thumb/v6-m/nofp\libcr_c.a(ctype.o)
 .ARM.attributes
                0x00000814       0x2c c:/nxp/mcuxpressoide_11.6.0_8187/ide/plugins/com.nxp.mcuxpresso.tools.win32_11.6.0.202112161359/tools/bin/../lib/gcc/arm-none-eabi/10.3.1/../../../../arm-none-eabi/lib/thumb/v6-m/nofp\libcr_c.a(fclose.o)
 .ARM.attributes
                0x00000840       0x2c c:/nxp/mcuxpressoide_11.6.0_8187/ide/plugins/com.nxp.mcuxpresso.tools.win32_11.6.0.202112161359/tools/bin/../lib/gcc/arm-none-eabi/10.3.1/../../../../arm-none-eabi/lib/thumb/v6-m/nofp\libcr_c.a(fflush.o)
 .ARM.attributes
                0x0000086c       0x2c c:/nxp/mcuxpressoide_11.6.0_8187/ide/plugins/com.nxp.mcuxpresso.tools.win32_11.6.0.202112161359/tools/bin/../lib/gcc/arm-none-eabi/10.3.1/../../../../arm-none-eabi/lib/thumb/v6-m/nofp\libcr_c.a(remove.o)
 .ARM.attributes
                0x00000898       0x2c c:/nxp/mcuxpressoide_11.6.0_8187/ide/plugins/com.nxp.mcuxpresso.tools.win32_11.6.0.202112161359/tools/bin/../lib/gcc/arm-none-eabi/10.3.1/../../../../arm-none-eabi/lib/thumb/v6-m/nofp\libcr_c.a(_cr_check_heap.o)
 .ARM.attributes
                0x000008c4       0x2c c:/nxp/mcuxpressoide_11.6.0_8187/ide/plugins/com.nxp.mcuxpresso.tools.win32_11.6.0.202112161359/tools/bin/../lib/gcc/arm-none-eabi/10.3.1/../../../../arm-none-eabi/lib/thumb/v6-m/nofp\libcr_c.a(_do_fflush.o)
 .ARM.attributes
                0x000008f0       0x1c c:/nxp/mcuxpressoide_11.6.0_8187/ide/plugins/com.nxp.mcuxpresso.tools.win32_11.6.0.202112161359/tools/bin/../lib/gcc/arm-none-eabi/10.3.1/thumb/v6-m/nofp\libcr_eabihelpers.a(division_32.o)
 .ARM.attributes
                0x0000090c       0x1c c:/nxp/mcuxpressoide_11.6.0_8187/ide/plugins/com.nxp.mcuxpresso.tools.win32_11.6.0.202112161359/tools/bin/../lib/gcc/arm-none-eabi/10.3.1/thumb/v6-m/nofp\libcr_eabihelpers.a(division_idiv0.o)
 .ARM.attributes
                0x00000928       0x2c c:/nxp/mcuxpressoide_11.6.0_8187/ide/plugins/com.nxp.mcuxpresso.tools.win32_11.6.0.202112161359/tools/bin/../lib/gcc/arm-none-eabi/10.3.1/thumb/v6-m/nofp\libcr_eabihelpers.a(double.o)
 .ARM.attributes
                0x00000954       0x2c c:/nxp/mcuxpressoide_11.6.0_8187/ide/plugins/com.nxp.mcuxpresso.tools.win32_11.6.0.202112161359/tools/bin/../lib/gcc/arm-none-eabi/10.3.1/thumb/v6-m/nofp\libcr_eabihelpers.a(float.o)
 .ARM.attributes
                0x00000980       0x1c c:/nxp/mcuxpressoide_11.6.0_8187/ide/plugins/com.nxp.mcuxpresso.tools.win32_11.6.0.202112161359/tools/bin/../lib/gcc/arm-none-eabi/10.3.1/thumb/v6-m/nofp\libcr_eabihelpers.a(llong.o)
 .ARM.attributes
                0x0000099c       0x1c c:/nxp/mcuxpressoide_11.6.0_8187/ide/plugins/com.nxp.mcuxpresso.tools.win32_11.6.0.202112161359/tools/bin/../lib/gcc/arm-none-eabi/10.3.1/thumb/v6-m/nofp\libcr_eabihelpers.a(memcpy.o)
 .ARM.attributes
                0x000009b8       0x1c c:/nxp/mcuxpressoide_11.6.0_8187/ide/plugins/com.nxp.mcuxpresso.tools.win32_11.6.0.202112161359/tools/bin/../lib/gcc/arm-none-eabi/10.3.1/thumb/v6-m/nofp\libcr_eabihelpers.a(thumb1_switch_helpers.o)
 .ARM.attributes
                0x000009d4       0x2c c:/nxp/mcuxpressoide_11.6.0_8187/ide/plugins/com.nxp.mcuxpresso.tools.win32_11.6.0.202112161359/tools/bin/../lib/gcc/arm-none-eabi/10.3.1/../../../../arm-none-eabi/lib/thumb/v6-m/nofp\libcr_nohost_nf.a(__sys_appexit.o)
 .ARM.attributes
                0x00000a00       0x2c c:/nxp/mcuxpressoide_11.6.0_8187/ide/plugins/com.nxp.mcuxpresso.tools.win32_11.6.0.202112161359/tools/bin/../lib/gcc/arm-none-eabi/10.3.1/../../../../arm-none-eabi/lib/thumb/v6-m/nofp\libcr_nohost_nf.a(__sys_close.o)
 .ARM.attributes
                0x00000a2c       0x2c c:/nxp/mcuxpressoide_11.6.0_8187/ide/plugins/com.nxp.mcuxpresso.tools.win32_11.6.0.202112161359/tools/bin/../lib/gcc/arm-none-eabi/10.3.1/../../../../arm-none-eabi/lib/thumb/v6-m/nofp\libcr_nohost_nf.a(__sys_flen.o)
 .ARM.attributes
                0x00000a58       0x2c c:/nxp/mcuxpressoide_11.6.0_8187/ide/plugins/com.nxp.mcuxpresso.tools.win32_11.6.0.202112161359/tools/bin/../lib/gcc/arm-none-eabi/10.3.1/../../../../arm-none-eabi/lib/thumb/v6-m/nofp\libcr_nohost_nf.a(__sys_istty.o)
 .ARM.attributes
                0x00000a84       0x2c c:/nxp/mcuxpressoide_11.6.0_8187/ide/plugins/com.nxp.mcuxpresso.tools.win32_11.6.0.202112161359/tools/bin/../lib/gcc/arm-none-eabi/10.3.1/../../../../arm-none-eabi/lib/thumb/v6-m/nofp\libcr_nohost_nf.a(__sys_remove.o)
 .ARM.attributes
                0x00000ab0       0x2c c:/nxp/mcuxpressoide_11.6.0_8187/ide/plugins/com.nxp.mcuxpresso.tools.win32_11.6.0.202112161359/tools/bin/../lib/gcc/arm-none-eabi/10.3.1/../../../../arm-none-eabi/lib/thumb/v6-m/nofp\libcr_nohost_nf.a(__sys_seek.o)
 .ARM.attributes
                0x00000adc       0x2c c:/nxp/mcuxpressoide_11.6.0_8187/ide/plugins/com.nxp.mcuxpresso.tools.win32_11.6.0.202112161359/tools/bin/../lib/gcc/arm-none-eabi/10.3.1/../../../../arm-none-eabi/lib/thumb/v6-m/nofp\libcr_nohost_nf.a(__sys_tmpnam.o)

.debug_frame    0x00000000     0x1614
 .debug_frame   0x00000000      0x1f0 ./utilities/fsl_debug_console.o
 .debug_frame   0x000001f0      0x3b0 ./startup/startup_mkl25z4.o
 .debug_frame   0x000005a0       0x4c ./source/Touch.o
 .debug_frame   0x000005ec       0xf0 ./source/UART.o
 .debug_frame   0x000006dc      0x11c ./source/cbfifo.o
 .debug_frame   0x000007f8      0x104 ./source/i2c.o
 .debug_frame   0x000008fc       0x58 ./source/line_accumulator.o
 .debug_frame   0x00000954       0x2c ./source/main.o
 .debug_frame   0x00000980       0x8c ./source/mma.o
 .debug_frame   0x00000a0c       0x6c ./source/pwm_LED.o
 .debug_frame   0x00000a78       0x20 ./source/semihost_hardfault.o
 .debug_frame   0x00000a98       0xa0 ./source/statemachine.o
 .debug_frame   0x00000b38       0xa8 ./source/switch.o
 .debug_frame   0x00000be0       0x4c ./source/sysclock.o
 .debug_frame   0x00000c2c       0x94 ./source/test.o
 .debug_frame   0x00000cc0       0x90 ./drivers/fsl_common.o
 .debug_frame   0x00000d50      0x414 ./drivers/fsl_lpsci.o
 .debug_frame   0x00001164      0x464 ./drivers/fsl_uart.o
 .debug_frame   0x000015c8       0x4c ./CMSIS/system_MKL25Z4.o

Cross Reference Table

Symbol                                            File
ADC0_DriverIRQHandler                             ./startup/startup_mkl25z4.o
ADC0_IRQHandler                                   ./startup/startup_mkl25z4.o
BOARD_BootClockRUN                                ./board/clock_config.o
BOARD_BootClockVLPR                               ./board/clock_config.o
BOARD_InitBootClocks                              ./board/clock_config.o
BOARD_InitBootPeripherals                         ./board/peripherals.o
BOARD_InitBootPins                                ./board/pin_mux.o
BOARD_InitDebugConsole                            ./board/board.o
BOARD_InitPins                                    ./board/pin_mux.o
CLOCK_BootToBlpeMode                              ./drivers/fsl_clock.o
CLOCK_BootToBlpiMode                              ./drivers/fsl_clock.o
                                                  ./board/clock_config.o
CLOCK_BootToFeeMode                               ./drivers/fsl_clock.o
CLOCK_BootToFeiMode                               ./drivers/fsl_clock.o
CLOCK_BootToPeeMode                               ./drivers/fsl_clock.o
                                                  ./board/clock_config.o
CLOCK_CalcPllDiv                                  ./drivers/fsl_clock.o
CLOCK_ClearStatusFlags                            ./drivers/fsl_clock.o
CLOCK_DeinitOsc0                                  ./drivers/fsl_clock.o
CLOCK_EnablePll0                                  ./drivers/fsl_clock.o
CLOCK_EnableUsbfs0Clock                           ./drivers/fsl_clock.o
CLOCK_ExternalModeToFbeModeQuick                  ./drivers/fsl_clock.o
CLOCK_FllStableDelay                              ./drivers/fsl_clock.o
CLOCK_GetBusClkFreq                               ./drivers/fsl_clock.o
CLOCK_GetCoreSysClkFreq                           ./drivers/fsl_clock.o
CLOCK_GetEr32kClkFreq                             ./drivers/fsl_clock.o
CLOCK_GetFixedFreqClkFreq                         ./drivers/fsl_clock.o
CLOCK_GetFlashClkFreq                             ./drivers/fsl_clock.o
CLOCK_GetFllFreq                                  ./drivers/fsl_clock.o
CLOCK_GetFreq                                     ./drivers/fsl_clock.o
CLOCK_GetInternalRefClkFreq                       ./drivers/fsl_clock.o
CLOCK_GetMode                                     ./drivers/fsl_clock.o
CLOCK_GetOsc0ErClkFreq                            ./drivers/fsl_clock.o
CLOCK_GetOutClkFreq                               ./drivers/fsl_clock.o
CLOCK_GetPlatClkFreq                              ./drivers/fsl_clock.o
CLOCK_GetPll0Freq                                 ./drivers/fsl_clock.o
CLOCK_GetPllFllSelClkFreq                         ./drivers/fsl_clock.o
                                                  ./board/board.o
CLOCK_GetStatusFlags                              ./drivers/fsl_clock.o
CLOCK_InitOsc0                                    ./drivers/fsl_clock.o
                                                  ./board/clock_config.o
CLOCK_InternalModeToFbiModeQuick                  ./drivers/fsl_clock.o
CLOCK_SetBlpeMode                                 ./drivers/fsl_clock.o
CLOCK_SetBlpiMode                                 ./drivers/fsl_clock.o
CLOCK_SetExternalRefClkConfig                     ./drivers/fsl_clock.o
CLOCK_SetFbeMode                                  ./drivers/fsl_clock.o
CLOCK_SetFbiMode                                  ./drivers/fsl_clock.o
CLOCK_SetFeeMode                                  ./drivers/fsl_clock.o
CLOCK_SetFeiMode                                  ./drivers/fsl_clock.o
CLOCK_SetInternalRefClkConfig                     ./drivers/fsl_clock.o
                                                  ./board/clock_config.o
CLOCK_SetMcgConfig                                ./drivers/fsl_clock.o
CLOCK_SetOsc0MonitorMode                          ./drivers/fsl_clock.o
CLOCK_SetPbeMode                                  ./drivers/fsl_clock.o
CLOCK_SetPeeMode                                  ./drivers/fsl_clock.o
CLOCK_SetPll0MonitorMode                          ./drivers/fsl_clock.o
CLOCK_SetSimConfig                                ./drivers/fsl_clock.o
                                                  ./board/clock_config.o
CLOCK_TrimInternalRefClk                          ./drivers/fsl_clock.o
CMP0_DriverIRQHandler                             ./startup/startup_mkl25z4.o
CMP0_IRQHandler                                   ./startup/startup_mkl25z4.o
DAC0_DriverIRQHandler                             ./startup/startup_mkl25z4.o
DAC0_IRQHandler                                   ./startup/startup_mkl25z4.o
DMA0_DriverIRQHandler                             ./startup/startup_mkl25z4.o
DMA0_IRQHandler                                   ./startup/startup_mkl25z4.o
DMA1_DriverIRQHandler                             ./startup/startup_mkl25z4.o
DMA1_IRQHandler                                   ./startup/startup_mkl25z4.o
DMA2_DriverIRQHandler                             ./startup/startup_mkl25z4.o
DMA2_IRQHandler                                   ./startup/startup_mkl25z4.o
DMA3_DriverIRQHandler                             ./startup/startup_mkl25z4.o
DMA3_IRQHandler                                   ./startup/startup_mkl25z4.o
DbgConsole_Deinit                                 ./utilities/fsl_debug_console.o
DbgConsole_Getchar                                ./utilities/fsl_debug_console.o
DbgConsole_Init                                   ./utilities/fsl_debug_console.o
                                                  ./board/board.o
DbgConsole_Printf                                 ./utilities/fsl_debug_console.o
                                                  ./drivers/fsl_common.o
DbgConsole_Putchar                                ./utilities/fsl_debug_console.o
DbgConsole_Scanf                                  ./utilities/fsl_debug_console.o
FLASH_Erase                                       ./drivers/fsl_flash.o
FLASH_EraseAll                                    ./drivers/fsl_flash.o
FLASH_EraseAllExecuteOnlySegments                 ./drivers/fsl_flash.o
FLASH_GetProperty                                 ./drivers/fsl_flash.o
FLASH_GetSecurityState                            ./drivers/fsl_flash.o
FLASH_Init                                        ./drivers/fsl_flash.o
FLASH_IsExecuteOnly                               ./drivers/fsl_flash.o
FLASH_IsProtected                                 ./drivers/fsl_flash.o
FLASH_PflashGetPrefetchSpeculation                ./drivers/fsl_flash.o
FLASH_PflashGetProtection                         ./drivers/fsl_flash.o
FLASH_PflashSetPrefetchSpeculation                ./drivers/fsl_flash.o
                                                  ./drivers/fsl_smc.o
FLASH_PflashSetProtection                         ./drivers/fsl_flash.o
FLASH_PrepareExecuteInRamFunctions                ./drivers/fsl_flash.o
FLASH_Program                                     ./drivers/fsl_flash.o
FLASH_ProgramOnce                                 ./drivers/fsl_flash.o
FLASH_ReadOnce                                    ./drivers/fsl_flash.o
FLASH_ReadResource                                ./drivers/fsl_flash.o
FLASH_SecurityBypass                              ./drivers/fsl_flash.o
FLASH_SetCallback                                 ./drivers/fsl_flash.o
FLASH_SetProperty                                 ./drivers/fsl_flash.o
FLASH_VerifyErase                                 ./drivers/fsl_flash.o
FLASH_VerifyEraseAll                              ./drivers/fsl_flash.o
FLASH_VerifyEraseAllExecuteOnlySegments           ./drivers/fsl_flash.o
FLASH_VerifyProgram                               ./drivers/fsl_flash.o
FTFA_DriverIRQHandler                             ./startup/startup_mkl25z4.o
FTFA_IRQHandler                                   ./startup/startup_mkl25z4.o
Flash_Config                                      ./startup/startup_mkl25z4.o
GPIO_ClearPinsInterruptFlags                      ./drivers/fsl_gpio.o
GPIO_GetPinsInterruptFlags                        ./drivers/fsl_gpio.o
GPIO_PinInit                                      ./drivers/fsl_gpio.o
HardFault_Handler                                 ./source/semihost_hardfault.o
                                                  ./startup/startup_mkl25z4.o